Component: ARM Compiler 5.06 (build 20) Tool: armlink [4d35a3]

==============================================================================

Section Cross References

    startup_stm32f429_439xx.o(RESET) refers to startup_stm32f429_439xx.o(STACK) for __initial_sp
    startup_stm32f429_439xx.o(RESET) refers to startup_stm32f429_439xx.o(.text) for Reset_Handler
    startup_stm32f429_439xx.o(RESET) refers to stm32f4xx_it.o(.text) for NMI_Handler
    startup_stm32f429_439xx.o(RESET) refers to hal_cm4.o(.emb_text) for SVC_Handler
    startup_stm32f429_439xx.o(RESET) refers to tm_stm32f4_exti.o(.text) for EXTI0_IRQHandler
    startup_stm32f429_439xx.o(RESET) refers to tm_stm32f4_dma.o(.text) for DMA1_Stream0_IRQHandler
    startup_stm32f429_439xx.o(RESET) refers to tm_stm32f4_delay.o(.text) for TIM3_IRQHandler
    startup_stm32f429_439xx.o(RESET) refers to usb_bsp.o(.text) for OTG_HS_EP1_OUT_IRQHandler
    startup_stm32f429_439xx.o(.text) refers to system_stm32f4xx.o(.text) for SystemInit
    startup_stm32f429_439xx.o(.text) refers to entry.o(.ARM.Collect$$$$00000000) for __main
    stm32f4xx_rcc.o(.text) refers to stm32f4xx_rcc.o(.data) for .data
    stm32f4xx_gpio.o(.text) refers to stm32f4xx_rcc.o(.text) for RCC_AHB1PeriphResetCmd
    stm32f4xx_i2c.o(.text) refers to stm32f4xx_rcc.o(.text) for RCC_APB1PeriphResetCmd
    stm32f4xx_spi.o(.text) refers to stm32f4xx_rcc.o(.text) for RCC_APB1PeriphResetCmd
    stm32f4xx_tim.o(.text) refers to stm32f4xx_rcc.o(.text) for RCC_APB2PeriphResetCmd
    tm_stm32f4_delay.o(.text) refers to tm_stm32f4_timer_properties.o(.text) for TM_TIMER_PROPERTIES_GetTimerProperties
    tm_stm32f4_delay.o(.text) refers to stm32f4xx_tim.o(.text) for TIM_TimeBaseInit
    tm_stm32f4_delay.o(.text) refers to misc.o(.text) for NVIC_Init
    tm_stm32f4_delay.o(.text) refers to malloc.o(i.malloc) for malloc
    tm_stm32f4_delay.o(.text) refers to malloc.o(i.free) for free
    tm_stm32f4_delay.o(.text) refers to tm_stm32f4_delay.o(.data) for .data
    tm_stm32f4_delay.o(.text) refers to tm_stm32f4_delay.o(.bss) for .bss
    tm_stm32f4_delay.o(.text) refers to system_stm32f4xx.o(.data) for SystemCoreClock
    tm_stm32f4_disco.o(.text) refers to tm_stm32f4_gpio.o(.text) for TM_GPIO_Init
    tm_stm32f4_disco.o(.text) refers to tm_stm32f4_disco.o(.data) for .data
    tm_stm32f4_gpio.o(.text) refers to tm_stm32f4_gpio.o(.bss) for .bss
    tm_stm32f4_i2c.o(.text) refers to tm_stm32f4_gpio.o(.text) for TM_GPIO_InitAlternate
    tm_stm32f4_i2c.o(.text) refers to stm32f4xx_i2c.o(.text) for I2C_Init
    tm_stm32f4_i2c.o(.text) refers to tm_stm32f4_i2c.o(.data) for .data
    tm_stm32f4_usb_hid_device.o(.text) refers to usbd_core.o(.text) for USBD_Init
    tm_stm32f4_usb_hid_device.o(.text) refers to usbd_hid_core.o(.text) for USBD_HID_SendReport
    tm_stm32f4_usb_hid_device.o(.text) refers to usbd_usr.o(.data) for USR_cb
    tm_stm32f4_usb_hid_device.o(.text) refers to usbd_hid_core.o(.data) for USBD_HID_cb
    tm_stm32f4_usb_hid_device.o(.text) refers to usbd_desc.o(.data) for USR_desc
    tm_stm32f4_usb_hid_device.o(.text) refers to usbd_usr.o(.bss) for USB_OTG_dev
    tm_stm32f4_usb_hid_device.o(.text) refers to usbd_usr.o(.data) for TM_USB_HIDDEVICE_INT_Status
    tm_stm32f4_stmpe811.o(.text) refers to tm_stm32f4_i2c.o(.text) for TM_I2C_Read
    tm_stm32f4_stmpe811.o(.text) refers to tm_stm32f4_delay.o(.text) for TM_DELAY_Init
    tm_stm32f4_stmpe811.o(.text) refers to tm_stm32f4_delay.o(.data) for TM_Time
    tm_stm32f4_spi.o(.text) refers to tm_stm32f4_gpio.o(.text) for TM_GPIO_InitAlternate
    tm_stm32f4_spi.o(.text) refers to stm32f4xx_spi.o(.text) for SPI_StructInit
    tm_stm32f4_spi.o(.text) refers to stm32f4xx_rcc.o(.text) for RCC_GetClocksFreq
    tm_stm32f4_ili9341.o(.text) refers to stm32f4xx_gpio.o(.text) for GPIO_ResetBits
    tm_stm32f4_ili9341.o(.text) refers to tm_stm32f4_spi.o(.text) for TM_SPI_SetDataSize
    tm_stm32f4_ili9341.o(.text) refers to tm_stm32f4_spi_dma.o(.text) for TM_SPI_DMA_SendHalfWord
    tm_stm32f4_ili9341.o(.text) refers to tm_stm32f4_gpio.o(.text) for TM_GPIO_Init
    tm_stm32f4_ili9341.o(.text) refers to tm_stm32f4_ili9341.o(.data) for .data
    tm_stm32f4_dma.o(.text) refers to misc.o(.text) for NVIC_Init
    tm_stm32f4_dma.o(.text) refers to tm_stm32f4_dma.o(.constdata) for .constdata
    tm_stm32f4_fonts.o(.text) refers to strlen.o(.text) for strlen
    tm_stm32f4_fonts.o(.data) refers to tm_stm32f4_fonts.o(.constdata) for TM_Font7x10
    tm_stm32f4_fonts.o(.data) refers to tm_stm32f4_fonts.o(.constdata) for TM_Font11x18
    tm_stm32f4_fonts.o(.data) refers to tm_stm32f4_fonts.o(.constdata) for TM_Font16x26
    tm_stm32f4_spi_dma.o(.text) refers to stm32f4xx_dma.o(.text) for DMA_DeInit
    tm_stm32f4_spi_dma.o(.text) refers to tm_stm32f4_dma.o(.text) for TM_DMA_ClearFlag
    tm_stm32f4_spi_dma.o(.text) refers to tm_stm32f4_spi_dma.o(.data) for .data
    tm_stm32f4_spi_dma.o(.text) refers to tm_stm32f4_spi_dma.o(.bss) for .bss
[...]
    SPI_CalculateCRC                         0x08001175   Thumb Code    20  stm32f4xx_spi.o(.text)
    SPI_TransmitCRC                          0x08001189   Thumb Code    10  stm32f4xx_spi.o(.text)
    SPI_GetCRC                               0x08001193   Thumb Code    12  stm32f4xx_spi.o(.text)
    SPI_GetCRCPolynomial                     0x0800119f   Thumb Code     4  stm32f4xx_spi.o(.text)
    SPI_I2S_DMACmd                           0x080011a3   Thumb Code    16  stm32f4xx_spi.o(.text)
    SPI_I2S_ITConfig                         0x080011b3   Thumb Code    24  stm32f4xx_spi.o(.text)
    SPI_I2S_GetFlagStatus                    0x080011cb   Thumb Code    14  stm32f4xx_spi.o(.text)
    SPI_I2S_ClearFlag                        0x080011d9   Thumb Code     6  stm32f4xx_spi.o(.text)
    SPI_I2S_GetITStatus                      0x080011df   Thumb Code    44  stm32f4xx_spi.o(.text)
    SPI_I2S_ClearITPendingBit                0x0800120b   Thumb Code    14  stm32f4xx_spi.o(.text)
    DMA_DeInit                               0x0800123d   Thumb Code   272  stm32f4xx_dma.o(.text)
    DMA_Init                                 0x0800134d   Thumb Code    80  stm32f4xx_dma.o(.text)
    DMA_StructInit                           0x0800139d   Thumb Code    34  stm32f4xx_dma.o(.text)
    DMA_Cmd                                  0x080013bf   Thumb Code    20  stm32f4xx_dma.o(.text)
    DMA_PeriphIncOffsetSizeConfig            0x080013d3   Thumb Code    20  stm32f4xx_dma.o(.text)
    DMA_FlowControllerConfig                 0x080013e7   Thumb Code    20  stm32f4xx_dma.o(.text)
    DMA_SetCurrDataCounter                   0x080013fb   Thumb Code     4  stm32f4xx_dma.o(.text)
    DMA_GetCurrDataCounter                   0x080013ff   Thumb Code     6  stm32f4xx_dma.o(.text)
    DMA_DoubleBufferModeConfig               0x08001405   Thumb Code    22  stm32f4xx_dma.o(.text)
    DMA_DoubleBufferModeCmd                  0x0800141b   Thumb Code    20  stm32f4xx_dma.o(.text)
    DMA_MemoryTargetConfig                   0x0800142f   Thumb Code    10  stm32f4xx_dma.o(.text)
    DMA_GetCurrentMemoryTarget               0x08001439   Thumb Code    14  stm32f4xx_dma.o(.text)
    DMA_GetCmdStatus                         0x08001447   Thumb Code    14  stm32f4xx_dma.o(.text)
    DMA_GetFIFOStatus                        0x08001455   Thumb Code     8  stm32f4xx_dma.o(.text)
    DMA_GetFlagStatus                        0x0800145d   Thumb Code    42  stm32f4xx_dma.o(.text)
    DMA_ClearFlag                            0x08001487   Thumb Code    34  stm32f4xx_dma.o(.text)
    DMA_ITConfig                             0x080014a9   Thumb Code    44  stm32f4xx_dma.o(.text)
    DMA_GetITStatus                          0x080014d5   Thumb Code    70  stm32f4xx_dma.o(.text)
    DMA_ClearITPendingBit                    0x0800151b   Thumb Code    34  stm32f4xx_dma.o(.text)
    TIM_DeInit                               0x0800155d   Thumb Code   284  stm32f4xx_tim.o(.text)
    TIM_TimeBaseInit                         0x08001679   Thumb Code    96  stm32f4xx_tim.o(.text)
    TIM_TimeBaseStructInit                   0x080016d9   Thumb Code    18  stm32f4xx_tim.o(.text)
    TIM_PrescalerConfig                      0x080016eb   Thumb Code     6  stm32f4xx_tim.o(.text)
    TIM_CounterModeConfig                    0x080016f1   Thumb Code    12  stm32f4xx_tim.o(.text)
    TIM_SetCounter                           0x080016fd   Thumb Code     4  stm32f4xx_tim.o(.text)
    TIM_SetAutoreload                        0x08001701   Thumb Code     4  stm32f4xx_tim.o(.text)
    TIM_GetCounter                           0x08001705   Thumb Code     4  stm32f4xx_tim.o(.text)
    TIM_GetPrescaler                         0x08001709   Thumb Code     4  stm32f4xx_tim.o(.text)
    TIM_UpdateDisableConfig                  0x0800170d   Thumb Code    20  stm32f4xx_tim.o(.text)
    TIM_UpdateRequestConfig                  0x08001721   Thumb Code    20  stm32f4xx_tim.o(.text)
    TIM_ARRPreloadConfig                     0x08001735   Thumb Code    20  stm32f4xx_tim.o(.text)
    TIM_SelectOnePulseMode                   0x08001749   Thumb Code    16  stm32f4xx_tim.o(.text)
    TIM_SetClockDivision                     0x08001759   Thumb Code    16  stm32f4xx_tim.o(.text)
    TIM_Cmd                                  0x08001769   Thumb Code    20  stm32f4xx_tim.o(.text)
    TIM_OC1Init                              0x0800177d   Thumb Code    88  stm32f4xx_tim.o(.text)
    TIM_OC2Init                              0x080017d5   Thumb Code   120  stm32f4xx_tim.o(.text)
    TIM_OC3Init                              0x0800184d   Thumb Code   116  stm32f4xx_tim.o(.text)
    TIM_OC4Init                              0x080018c1   Thumb Code    88  stm32f4xx_tim.o(.text)
    TIM_OCStructInit                         0x08001919   Thumb Code    20  stm32f4xx_tim.o(.text)
    TIM_SelectOCxM                           0x0800192d   Thumb Code   130  stm32f4xx_tim.o(.text)
    TIM_SetCompare1                          0x080019af   Thumb Code     4  stm32f4xx_tim.o(.text)
    TIM_SetCompare2                          0x080019b3   Thumb Code     4  stm32f4xx_tim.o(.text)
    TIM_SetCompare3                          0x080019b7   Thumb Code     4  stm32f4xx_tim.o(.text)
    TIM_SetCompare4                          0x080019bb   Thumb Code     4  stm32f4xx_tim.o(.text)
    TIM_ForcedOC1Config                      0x080019bf   Thumb Code    12  stm32f4xx_tim.o(.text)
    TIM_ForcedOC2Config                      0x080019cb   Thumb Code    20  stm32f4xx_tim.o(.text)
    TIM_ForcedOC3Config                      0x080019df   Thumb Code    12  stm32f4xx_tim.o(.text)
    TIM_ForcedOC4Config                      0x080019eb   Thumb Code    20  stm32f4xx_tim.o(.text)
    TIM_OC1PreloadConfig                     0x080019ff   Thumb Code    12  stm32f4xx_tim.o(.text)
    TIM_OC2PreloadConfig                     0x08001a0b   Thumb Code    20  stm32f4xx_tim.o(.text)
    TIM_OC3PreloadConfig                     0x08001a1f   Thumb Code    12  stm32f4xx_tim.o(.text)
    TIM_OC4PreloadConfig                     0x08001a2b   Thumb Code    20  stm32f4xx_tim.o(.text)
    TIM_OC1FastConfig                        0x08001a3f   Thumb Code    12  stm32f4xx_tim.o(.text)
    TIM_OC2FastConfig                        0x08001a4b   Thumb Code    20  stm32f4xx_tim.o(.text)
    TIM_OC3FastConfig                        0x08001a5f   Thumb Code    12  stm32f4xx_tim.o(.text)
    TIM_OC4FastConfig                        0x08001a6b   Thumb Code    20  stm32f4xx_tim.o(.text)
    TIM_ClearOC1Ref                          0x08001a7f   Thumb Code    12  stm32f4xx_tim.o(.text)
    TIM_ClearOC2Ref                          0x08001a8b   Thumb Code    20  stm32f4xx_tim.o(.text)
    TIM_ClearOC3Ref                          0x08001a9f   Thumb Code    12  stm32f4xx_tim.o(.text)
    TIM_ClearOC4Ref                          0x08001aab   Thumb Code    20  stm32f4xx_tim.o(.text)
    TIM_OC1PolarityConfig                    0x08001abf   Thumb Code    12  stm32f4xx_tim.o(.text)
    TIM_OC1NPolarityConfig                   0x08001acb   Thumb Code    12  stm32f4xx_tim.o(.text)
    TIM_OC2PolarityConfig                    0x08001ad7   Thumb Code    20  stm32f4xx_tim.o(.text)
    TIM_OC2NPolarityConfig                   0x08001aeb   Thumb Code    20  stm32f4xx_tim.o(.text)
    TIM_OC3PolarityConfig                    0x08001aff   Thumb Code    20  stm32f4xx_tim.o(.text)
    TIM_OC3NPolarityConfig                   0x08001b13   Thumb Code    20  stm32f4xx_tim.o(.text)
    TIM_OC4PolarityConfig                    0x08001b27   Thumb Code    20  stm32f4xx_tim.o(.text)
    TIM_CCxCmd                               0x08001b3b   Thumb Code    22  stm32f4xx_tim.o(.text)
    TIM_CCxNCmd                              0x08001b51   Thumb Code    22  stm32f4xx_tim.o(.text)
    TIM_SetIC4Prescaler                      0x08001b67   Thumb Code    24  stm32f4xx_tim.o(.text)
    TIM_SetIC3Prescaler                      0x08001b7f   Thumb Code    16  stm32f4xx_tim.o(.text)
    TIM_SetIC2Prescaler                      0x08001b8f   Thumb Code    24  stm32f4xx_tim.o(.text)
    TIM_SetIC1Prescaler                      0x08001bdd   Thumb Code    16  stm32f4xx_tim.o(.text)
    TIM_ICInit                               0x08001bed   Thumb Code   164  stm32f4xx_tim.o(.text)
    TIM_ICStructInit                         0x08001c91   Thumb Code    16  stm32f4xx_tim.o(.text)
    TIM_PWMIConfig                           0x08001ca1   Thumb Code   104  stm32f4xx_tim.o(.text)
    TIM_GetCapture1                          0x08001d09   Thumb Code     4  stm32f4xx_tim.o(.text)
    TIM_GetCapture2                          0x08001d0d   Thumb Code     4  stm32f4xx_tim.o(.text)
    TIM_GetCapture3                          0x08001d11   Thumb Code     4  stm32f4xx_tim.o(.text)
    TIM_GetCapture4                          0x08001d15   Thumb Code     4  stm32f4xx_tim.o(.text)
    TIM_BDTRConfig                           0x08001d19   Thumb Code    34  stm32f4xx_tim.o(.text)
    TIM_BDTRStructInit                       0x08001d3b   Thumb Code    18  stm32f4xx_tim.o(.text)
    TIM_CtrlPWMOutputs                       0x08001d4d   Thumb Code    22  stm32f4xx_tim.o(.text)
    TIM_SelectCOM                            0x08001d63   Thumb Code    20  stm32f4xx_tim.o(.text)
    TIM_CCPreloadControl                     0x08001d77   Thumb Code    20  stm32f4xx_tim.o(.text)
    TIM_ITConfig                             0x08001d8b   Thumb Code    16  stm32f4xx_tim.o(.text)
    TIM_GenerateEvent                        0x08001d9b   Thumb Code     4  stm32f4xx_tim.o(.text)
    TIM_GetFlagStatus                        0x08001d9f   Thumb Code    14  stm32f4xx_tim.o(.text)
    TIM_ClearFlag                            0x08001dad   Thumb Code     6  stm32f4xx_tim.o(.text)
    TIM_GetITStatus                          0x08001db3   Thumb Code    24  stm32f4xx_tim.o(.text)
    TIM_ClearITPendingBit                    0x08001dcb   Thumb Code     6  stm32f4xx_tim.o(.text)
    TIM_DMAConfig                            0x08001dd1   Thumb Code     8  stm32f4xx_tim.o(.text)
    TIM_DMACmd                               0x08001dd9   Thumb Code    16  stm32f4xx_tim.o(.text)
    TIM_SelectCCDMA                          0x08001de9   Thumb Code    20  stm32f4xx_tim.o(.text)
    TIM_InternalClockConfig                  0x08001dfd   Thumb Code    10  stm32f4xx_tim.o(.text)
    TIM_SelectInputTrigger                   0x08001e07   Thumb Code    12  stm32f4xx_tim.o(.text)
    TIM_ITRxExternalClockConfig              0x08001e13   Thumb Code    18  stm32f4xx_tim.o(.text)
    TIM_TIxExternalClockConfig               0x08001e25   Thumb Code    46  stm32f4xx_tim.o(.text)
    TIM_ETRConfig                            0x08001e53   Thumb Code    24  stm32f4xx_tim.o(.text)
    TIM_ETRClockMode1Config                  0x08001e6b   Thumb Code    18  stm32f4xx_tim.o(.text)
    TIM_ETRClockMode2Config                  0x08001e7d   Thumb Code    18  stm32f4xx_tim.o(.text)
    TIM_SelectOutputTrigger                  0x08001e8f   Thumb Code    16  stm32f4xx_tim.o(.text)
    TIM_SelectSlaveMode                      0x08001e9f   Thumb Code    16  stm32f4xx_tim.o(.text)
    TIM_SelectMasterSlaveMode                0x08001eaf   Thumb Code    16  stm32f4xx_tim.o(.text)
    TIM_EncoderInterfaceConfig               0x08001ebf   Thumb Code    50  stm32f4xx_tim.o(.text)
    TIM_SelectHallSensor                     0x08001ef1   Thumb Code    20  stm32f4xx_tim.o(.text)
    TIM_RemapConfig                          0x08001f05   Thumb Code     6  stm32f4xx_tim.o(.text)
    TIM3_IRQHandler                          0x08001f39   Thumb Code    96  tm_stm32f4_delay.o(.text)
    TM_DELAY_INT_InitTIM                     0x08001f99   Thumb Code   134  tm_stm32f4_delay.o(.text)
    TM_DELAY_Init                            0x0800201f   Thumb Code    14  tm_stm32f4_delay.o(.text)
    TM_DELAY_EnableDelayTimer                0x0800202d   Thumb Code    22  tm_stm32f4_delay.o(.text)
    TM_DELAY_DisableDelayTimer               0x08002043   Thumb Code    14  tm_stm32f4_delay.o(.text)
    TM_DELAY_TimerCreate                     0x08002051   Thumb Code    68  tm_stm32f4_delay.o(.text)
    TM_DELAY_TimerDelete                     0x08002095   Thumb Code    86  tm_stm32f4_delay.o(.text)
    TM_DELAY_TimerStop                       0x080020eb   Thumb Code     6  tm_stm32f4_delay.o(.text)
    TM_DELAY_TimerStart                      0x080020f1   Thumb Code     6  tm_stm32f4_delay.o(.text)
    TM_DELAY_TimerReset                      0x080020f7   Thumb Code     6  tm_stm32f4_delay.o(.text)
    TM_DELAY_TimerAutoReload                 0x080020fd   Thumb Code     4  tm_stm32f4_delay.o(.text)
    TM_DELAY_TimerAutoReloadValue            0x08002101   Thumb Code     4  tm_stm32f4_delay.o(.text)
    TM_DISCO_LedInit                         0x08002121   Thumb Code    32  tm_stm32f4_disco.o(.text)
    TM_DISCO_ButtonInit                      0x08002141   Thumb Code    24  tm_stm32f4_disco.o(.text)
    TM_DISCO_ButtonOnPressed                 0x08002159   Thumb Code    30  tm_stm32f4_disco.o(.text)
    TM_DISCO_ButtonOnReleased                0x08002177   Thumb Code    32  tm_stm32f4_disco.o(.text)
    TM_GPIO_GetPortSource                    0x080021a5   Thumb Code    10  tm_stm32f4_gpio.o(.text)
    TM_GPIO_INT_Init                         0x080021af   Thumb Code   130  tm_stm32f4_gpio.o(.text)
    TM_GPIO_INT_EnableClock                  0x08002231   Thumb Code    20  tm_stm32f4_gpio.o(.text)
    TM_GPIO_Init                             0x08002245   Thumb Code    34  tm_stm32f4_gpio.o(.text)
    TM_GPIO_InitAlternate                    0x08002267   Thumb Code    92  tm_stm32f4_gpio.o(.text)
    TM_GPIO_DeInit                           0x080022c3   Thumb Code    66  tm_stm32f4_gpio.o(.text)
    TM_GPIO_SetPinAsInput                    0x08002305   Thumb Code    38  tm_stm32f4_gpio.o(.text)
    TM_GPIO_SetPinAsOutput                   0x0800232b   Thumb Code    46  tm_stm32f4_gpio.o(.text)
    TM_GPIO_SetPinAsAnalog                   0x08002359   Thumb Code    38  tm_stm32f4_gpio.o(.text)
    TM_GPIO_SetPinAsAlternate                0x0800237f   Thumb Code    48  tm_stm32f4_gpio.o(.text)
    TM_GPIO_SetPullResistor                  0x080023af   Thumb Code    46  tm_stm32f4_gpio.o(.text)
    TM_GPIO_Lock                             0x080023dd   Thumb Code    16  tm_stm32f4_gpio.o(.text)
    TM_GPIO_GetPinSource                     0x080023ed   Thumb Code    18  tm_stm32f4_gpio.o(.text)
    TM_GPIO_INT_DisableClock                 0x080023ff   Thumb Code    20  tm_stm32f4_gpio.o(.text)
    TM_GPIO_GetUsedPins                      0x08002413   Thumb Code    14  tm_stm32f4_gpio.o(.text)
    TM_GPIO_GetFreePins                      0x08002421   Thumb Code    18  tm_stm32f4_gpio.o(.text)
    TM_I2C3_INT_InitPins                     0x08002441   Thumb Code    70  tm_stm32f4_i2c.o(.text)
    TM_I2C2_INT_InitPins                     0x08002487   Thumb Code    76  tm_stm32f4_i2c.o(.text)
    TM_I2C1_INT_InitPins                     0x080024d3   Thumb Code    76  tm_stm32f4_i2c.o(.text)
    TM_I2C_Init                              0x0800251f   Thumb Code   166  tm_stm32f4_i2c.o(.text)
    TM_I2C_ReadNack                          0x080025c5   Thumb Code    64  tm_stm32f4_i2c.o(.text)
    TM_I2C_Start                             0x08002605   Thumb Code   122  tm_stm32f4_i2c.o(.text)
    TM_I2C_Stop                              0x0800267f   Thumb Code    48  tm_stm32f4_i2c.o(.text)
    TM_I2C_WriteData                         0x080026af   Thumb Code    28  tm_stm32f4_i2c.o(.text)
    TM_I2C_Read                              0x080026cb   Thumb Code    50  tm_stm32f4_i2c.o(.text)
    TM_I2C_ReadAck                           0x080026fd   Thumb Code    56  tm_stm32f4_i2c.o(.text)
    TM_I2C_ReadMulti                         0x08002735   Thumb Code    84  tm_stm32f4_i2c.o(.text)
    TM_I2C_ReadNoRegister                    0x08002789   Thumb Code    20  tm_stm32f4_i2c.o(.text)
    TM_I2C_ReadMultiNoRegister               0x0800279d   Thumb Code    52  tm_stm32f4_i2c.o(.text)
    TM_I2C_Write                             0x080027d1   Thumb Code    40  tm_stm32f4_i2c.o(.text)
    TM_I2C_WriteMulti                        0x080027f9   Thumb Code   100  tm_stm32f4_i2c.o(.text)
    TM_I2C_WriteNoRegister                   0x0800285d   Thumb Code    30  tm_stm32f4_i2c.o(.text)
    TM_I2C_WriteMultiNoRegister              0x0800287b   Thumb Code    46  tm_stm32f4_i2c.o(.text)
    TM_I2C_IsDeviceConnected                 0x080028a9   Thumb Code    28  tm_stm32f4_i2c.o(.text)
    TM_USB_HIDDEVICE_Init                    0x080028c5   Thumb Code    26  tm_stm32f4_usb_hid_device.o(.text)
    TM_USB_HIDDEVICE_GetStatus               0x080028df   Thumb Code     6  tm_stm32f4_usb_hid_device.o(.text)
    TM_USB_HIDDEVICE_MouseStructInit         0x080028e5   Thumb Code    20  tm_stm32f4_usb_hid_device.o(.text)
    TM_USB_HIDDEVICE_MouseSend               0x080028f9   Thumb Code    86  tm_stm32f4_usb_hid_device.o(.text)
    TM_USB_HIDDEVICE_MouseReleaseAll         0x0800294f   Thumb Code    38  tm_stm32f4_usb_hid_device.o(.text)
    TM_USB_HIDDEVICE_GamepadStructInit       0x08002975   Thumb Code    48  tm_stm32f4_usb_hid_device.o(.text)
    TM_USB_HIDDEVICE_GamepadSend             0x080029a5   Thumb Code   226  tm_stm32f4_usb_hid_device.o(.text)
    TM_USB_HIDDEVICE_GamepadReleaseAll       0x08002a87   Thumb Code    38  tm_stm32f4_usb_hid_device.o(.text)
    TM_USB_HIDDEVICE_KeyboardStructInit      0x08002aad   Thumb Code    36  tm_stm32f4_usb_hid_device.o(.text)
    TM_USB_HIDDEVICE_KeyboardSend            0x08002ad1   Thumb Code   164  tm_stm32f4_usb_hid_device.o(.text)
    TM_USB_HIDDEVICE_KeyboardReleaseAll      0x08002b75   Thumb Code    42  tm_stm32f4_usb_hid_device.o(.text)
    TM_USB_HIDDEVICE_SendCustom              0x08002b9f   Thumb Code    28  tm_stm32f4_usb_hid_device.o(.text)
    TM_STMPE811_Read                         0x08002bd1   Thumb Code    10  tm_stm32f4_stmpe811.o(.text)
    TM_STMPE811_Init                         0x08002bdb   Thumb Code   320  tm_stm32f4_stmpe811.o(.text)
    TM_STMPE811_ReadY                        0x08002d1b   Thumb Code    80  tm_stm32f4_stmpe811.o(.text)
    TM_STMPE811_ReadX                        0x08002d6b   Thumb Code    94  tm_stm32f4_stmpe811.o(.text)
    TM_STMPE811_ReadTouch                    0x08002dc9   Thumb Code   238  tm_stm32f4_stmpe811.o(.text)
    TM_SPI6_INT_InitPins                     0x08002ef1   Thumb Code    40  tm_stm32f4_spi.o(.text)
    TM_SPI5_INT_InitPins                     0x08002f19   Thumb Code    74  tm_stm32f4_spi.o(.text)
    TM_SPI4_INT_InitPins                     0x08002f63   Thumb Code    58  tm_stm32f4_spi.o(.text)
    TM_SPI3_INT_InitPins                     0x08002f9d   Thumb Code    58  tm_stm32f4_spi.o(.text)
    TM_SPI2_INT_InitPins                     0x08002fd7   Thumb Code    88  tm_stm32f4_spi.o(.text)
    TM_SPI1_INT_InitPins                     0x0800302f   Thumb Code    56  tm_stm32f4_spi.o(.text)
    TM_SPI_Init                              0x08003189   Thumb Code   136  tm_stm32f4_spi.o(.text)
    TM_SPI_InitWithMode                      0x08003211   Thumb Code   134  tm_stm32f4_spi.o(.text)
    TM_SPI_InitFull                          0x08003297   Thumb Code   202  tm_stm32f4_spi.o(.text)
    TM_SPI_GetPrescalerFromMaxFrequency      0x08003361   Thumb Code    78  tm_stm32f4_spi.o(.text)
    TM_SPI_SetDataSize                       0x080033af   Thumb Code    44  tm_stm32f4_spi.o(.text)
    TM_SPI_SendMulti                         0x080033db   Thumb Code    52  tm_stm32f4_spi.o(.text)
    TM_SPI_WriteMulti                        0x0800340f   Thumb Code    50  tm_stm32f4_spi.o(.text)
    TM_SPI_ReadMulti                         0x08003441   Thumb Code    50  tm_stm32f4_spi.o(.text)
    TM_SPI_SendMulti16                       0x08003473   Thumb Code    56  tm_stm32f4_spi.o(.text)
    TM_SPI_WriteMulti16                      0x080034ab   Thumb Code    52  tm_stm32f4_spi.o(.text)
    TM_SPI_ReadMulti16                       0x080034df   Thumb Code    52  tm_stm32f4_spi.o(.text)
    TM_ILI9341_SendCommand                   0x0800354f   Thumb Code    44  tm_stm32f4_ili9341.o(.text)
    TM_ILI9341_SendData                      0x0800357b   Thumb Code    44  tm_stm32f4_ili9341.o(.text)
    TM_ILI9341_SetCursorPosition             0x080035a7   Thumb Code    74  tm_stm32f4_ili9341.o(.text)
    TM_ILI9341_INT_Fill                      0x080035f1   Thumb Code   146  tm_stm32f4_ili9341.o(.text)
    TM_ILI9341_Fill                          0x08003683   Thumb Code    26  tm_stm32f4_ili9341.o(.text)
    TM_ILI9341_Delay                         0x0800369d   Thumb Code    16  tm_stm32f4_ili9341.o(.text)
    TM_ILI9341_InitLCD                       0x080036ad   Thumb Code   620  tm_stm32f4_ili9341.o(.text)
    TM_ILI9341_Init                          0x08003919   Thumb Code   142  tm_stm32f4_ili9341.o(.text)
    TM_ILI9341_DisplayOn                     0x080039a7   Thumb Code     4  tm_stm32f4_ili9341.o(.text)
    TM_ILI9341_DisplayOff                    0x080039ab   Thumb Code     4  tm_stm32f4_ili9341.o(.text)
    TM_ILI9341_DrawPixel                     0x080039af   Thumb Code    34  tm_stm32f4_ili9341.o(.text)
    TM_ILI9341_Rotate                        0x080039d1   Thumb Code    78  tm_stm32f4_ili9341.o(.text)
    TM_ILI9341_Putc                          0x08003a1f   Thumb Code   152  tm_stm32f4_ili9341.o(.text)
    TM_ILI9341_Puts                          0x08003ab7   Thumb Code    86  tm_stm32f4_ili9341.o(.text)
    TM_ILI9341_GetStringSize                 0x08003b0d   Thumb Code    28  tm_stm32f4_ili9341.o(.text)
    TM_ILI9341_DrawLine                      0x08003b29   Thumb Code   218  tm_stm32f4_ili9341.o(.text)
    TM_ILI9341_DrawRectangle                 0x08003c03   Thumb Code    68  tm_stm32f4_ili9341.o(.text)
    TM_ILI9341_DrawFilledRectangle           0x08003c47   Thumb Code    44  tm_stm32f4_ili9341.o(.text)
    TM_ILI9341_DrawCircle                    0x08003c73   Thumb Code   284  tm_stm32f4_ili9341.o(.text)
    TM_ILI9341_DrawFilledCircle              0x08003d8f   Thumb Code   248  tm_stm32f4_ili9341.o(.text)
    TM_DMA_ClearFlag                         0x08003e89   Thumb Code    52  tm_stm32f4_dma.o(.text)
    TM_DMA_ClearFlags                        0x08003ebd   Thumb Code     4  tm_stm32f4_dma.o(.text)
    TM_DMA_GetFlags                          0x08003ec1   Thumb Code    52  tm_stm32f4_dma.o(.text)
    TM_DMA_EnableInterrupts                  0x08003ef5   Thumb Code    94  tm_stm32f4_dma.o(.text)
    TM_DMA_DisableInterrupts                 0x08003f53   Thumb Code    76  tm_stm32f4_dma.o(.text)
    TM_DMA_TransferCompleteHandler           0x08003f9f   Thumb Code     2  tm_stm32f4_dma.o(.text)
    TM_DMA_HalfTransferCompleteHandler       0x08003fa1   Thumb Code     2  tm_stm32f4_dma.o(.text)
    TM_DMA_TransferErrorHandler              0x08003fa3   Thumb Code     2  tm_stm32f4_dma.o(.text)
    TM_DMA_DirectModeErrorHandler            0x08003fa5   Thumb Code     2  tm_stm32f4_dma.o(.text)
    TM_DMA_FIFOErrorHandler                  0x08003fa7   Thumb Code     2  tm_stm32f4_dma.o(.text)
    DMA1_Stream0_IRQHandler                  0x0800400f   Thumb Code     6  tm_stm32f4_dma.o(.text)
    DMA1_Stream1_IRQHandler                  0x08004015   Thumb Code     6  tm_stm32f4_dma.o(.text)
    DMA1_Stream2_IRQHandler                  0x0800401b   Thumb Code     6  tm_stm32f4_dma.o(.text)
    DMA1_Stream3_IRQHandler                  0x08004021   Thumb Code     6  tm_stm32f4_dma.o(.text)
    DMA1_Stream4_IRQHandler                  0x08004027   Thumb Code     6  tm_stm32f4_dma.o(.text)
    DMA1_Stream5_IRQHandler                  0x0800402d   Thumb Code     6  tm_stm32f4_dma.o(.text)
    DMA1_Stream6_IRQHandler                  0x08004033   Thumb Code     6  tm_stm32f4_dma.o(.text)
    DMA1_Stream7_IRQHandler                  0x08004039   Thumb Code     6  tm_stm32f4_dma.o(.text)
    DMA2_Stream0_IRQHandler                  0x0800403f   Thumb Code     4  tm_stm32f4_dma.o(.text)
    DMA2_Stream1_IRQHandler                  0x08004043   Thumb Code     6  tm_stm32f4_dma.o(.text)
    DMA2_Stream2_IRQHandler                  0x08004049   Thumb Code     6  tm_stm32f4_dma.o(.text)
    DMA2_Stream3_IRQHandler                  0x0800404f   Thumb Code     6  tm_stm32f4_dma.o(.text)
    DMA2_Stream4_IRQHandler                  0x08004055   Thumb Code     6  tm_stm32f4_dma.o(.text)
    DMA2_Stream5_IRQHandler                  0x0800405b   Thumb Code     6  tm_stm32f4_dma.o(.text)
    DMA2_Stream6_IRQHandler                  0x08004061   Thumb Code     6  tm_stm32f4_dma.o(.text)
    DMA2_Stream7_IRQHandler                  0x08004067   Thumb Code     6  tm_stm32f4_dma.o(.text)
    TM_SPI_DMA_Init                          0x080040bb   Thumb Code    74  tm_stm32f4_spi_dma.o(.text)
    TM_SPI_DMA_InitWithStreamAndChannel      0x08004105   Thumb Code    30  tm_stm32f4_spi_dma.o(.text)
    TM_SPI_DMA_Deinit                        0x08004123   Thumb Code    24  tm_stm32f4_spi_dma.o(.text)
    TM_SPI_DMA_Transmit                      0x0800413b   Thumb Code   210  tm_stm32f4_spi_dma.o(.text)
    TM_SPI_DMA_SendByte                      0x0800420d   Thumb Code    94  tm_stm32f4_spi_dma.o(.text)
    TM_SPI_DMA_SendHalfWord                  0x0800426b   Thumb Code   102  tm_stm32f4_spi_dma.o(.text)
    TM_SPI_DMA_Working                       0x080042d1   Thumb Code    40  tm_stm32f4_spi_dma.o(.text)
    TM_SPI_DMA_GetStreamTX                   0x080042f9   Thumb Code    10  tm_stm32f4_spi_dma.o(.text)
    TM_SPI_DMA_GetStreamRX                   0x08004303   Thumb Code    10  tm_stm32f4_spi_dma.o(.text)
    TM_SPI_DMA_EnableInterrupts              0x0800430d   Thumb Code    24  tm_stm32f4_spi_dma.o(.text)
    TM_SPI_DMA_DisableInterrupts             0x08004325   Thumb Code    24  tm_stm32f4_spi_dma.o(.text)
    TM_TIMER_PROPERTIES_GetTimerProperties   0x08004365   Thumb Code   134  tm_stm32f4_timer_properties.o(.text)
    TM_TIMER_PROPERTIES_GenerateDataForWorkingFrequency 0x080043eb   Thumb Code   170  tm_stm32f4_timer_properties.o(.text)
    TM_TIMER_PROPERTIES_EnableClock          0x08004495   Thumb Code   206  tm_stm32f4_timer_properties.o(.text)
    TM_TIMER_PROPERTIES_DisableClock         0x08004563   Thumb Code   206  tm_stm32f4_timer_properties.o(.text)
    TM_EXTI_Attach                           0x08004671   Thumb Code   416  tm_stm32f4_exti.o(.text)
    TM_EXTI_Detach                           0x08004811   Thumb Code    38  tm_stm32f4_exti.o(.text)
    TM_EXTI_DeInit                           0x08004837   Thumb Code    56  tm_stm32f4_exti.o(.text)
    EXTI0_IRQHandler                         0x0800486f   Thumb Code    24  tm_stm32f4_exti.o(.text)
    EXTI1_IRQHandler                         0x08004887   Thumb Code    24  tm_stm32f4_exti.o(.text)
    EXTI2_IRQHandler                         0x0800489f   Thumb Code    24  tm_stm32f4_exti.o(.text)
    EXTI3_IRQHandler                         0x080048b7   Thumb Code    24  tm_stm32f4_exti.o(.text)
    EXTI4_IRQHandler                         0x080048cf   Thumb Code    24  tm_stm32f4_exti.o(.text)
    EXTI9_5_IRQHandler                       0x080048e7   Thumb Code    82  tm_stm32f4_exti.o(.text)
    EXTI15_10_IRQHandler                     0x08004939   Thumb Code   102  tm_stm32f4_exti.o(.text)
    NMI_Handler                              0x080049ad   Thumb Code     2  stm32f4xx_it.o(.text)
    HardFault_Handler                        0x080049af   Thumb Code     2  stm32f4xx_it.o(.text)
    MemManage_Handler                        0x080049b1   Thumb Code     2  stm32f4xx_it.o(.text)
    BusFault_Handler                         0x080049b3   Thumb Code     2  stm32f4xx_it.o(.text)
    UsageFault_Handler                       0x080049b5   Thumb Code     2  stm32f4xx_it.o(.text)
    DebugMon_Handler                         0x080049b7   Thumb Code     2  stm32f4xx_it.o(.text)
    TimingDelay_Decrement                    0x080049b9   Thumb Code     2  stm32f4xx_it.o(.text)
    SystemInit                               0x08004a7b   Thumb Code    74  system_stm32f4xx.o(.text)
    SystemCoreClockUpdate                    0x08004ac5   Thumb Code   108  system_stm32f4xx.o(.text)
    initialize_log_func                      0x08004b55   Thumb Code    40  log.o(.text)
    log                                      0x08004b7d   Thumb Code    68  log.o(.text)
    main                                     0x08004bc9   Thumb Code    10  main.o(.text)
    get_data()                               0x08004bd5   Thumb Code   194  test_ft5x06.o(.text)
    test_ft5x06()                            0x08004c97   Thumb Code    70  test_ft5x06.o(.text)
    USB_OTG_BSP_Init                         0x08004d35   Thumb Code   216  usb_bsp.o(.text)
    USB_OTG_BSP_EnableInterrupt              0x08004e0d   Thumb Code   104  usb_bsp.o(.text)
    USB_OTG_BSP_uDelay                       0x08004e75   Thumb Code    22  usb_bsp.o(.text)
    USB_OTG_BSP_mDelay                       0x08004e8b   Thumb Code     8  usb_bsp.o(.text)
    OTG_HS_WKUP_IRQHandler                   0x08004e93   Thumb Code    82  usb_bsp.o(.text)
    OTG_HS_IRQHandler                        0x08004ee5   Thumb Code     6  usb_bsp.o(.text)
    OTG_HS_EP1_IN_IRQHandler                 0x08004eeb   Thumb Code     6  usb_bsp.o(.text)
    OTG_HS_EP1_OUT_IRQHandler                0x08004ef1   Thumb Code     6  usb_bsp.o(.text)
    USB_OTG_WritePacket                      0x08004f5d   Thumb Code    40  usb_core.o(.text)
    USB_OTG_ReadPacket                       0x08004f85   Thumb Code    32  usb_core.o(.text)
    USB_OTG_SelectCore                       0x08004fa5   Thumb Code   194  usb_core.o(.text)
    USB_OTG_CoreInit                         0x08005067   Thumb Code   128  usb_core.o(.text)
    USB_OTG_EnableGlobalInt                  0x080050e7   Thumb Code    16  usb_core.o(.text)
    USB_OTG_DisableGlobalInt                 0x080050f7   Thumb Code    16  usb_core.o(.text)
    USB_OTG_FlushTxFifo                      0x08005107   Thumb Code    62  usb_core.o(.text)
    USB_OTG_FlushRxFifo                      0x08005145   Thumb Code    54  usb_core.o(.text)
    USB_OTG_SetCurrentMode                   0x0800517b   Thumb Code    42  usb_core.o(.text)
    USB_OTG_GetMode                          0x080051a5   Thumb Code    10  usb_core.o(.text)
    USB_OTG_IsDeviceMode                     0x080051af   Thumb Code    18  usb_core.o(.text)
    USB_OTG_IsHostMode                       0x080051c1   Thumb Code    14  usb_core.o(.text)
    USB_OTG_ReadCoreItr                      0x080051cf   Thumb Code    10  usb_core.o(.text)
    USB_OTG_ReadOtgItr                       0x080051d9   Thumb Code     6  usb_core.o(.text)
    USB_OTG_InitDevSpeed                     0x080051df   Thumb Code    12  usb_core.o(.text)
    USB_OTG_EnableDevInt                     0x080051eb   Thumb Code    74  usb_core.o(.text)
    USB_OTG_CoreInitDev                      0x08005235   Thumb Code   348  usb_core.o(.text)
    USB_OTG_GetDeviceSpeed                   0x08005391   Thumb Code    38  usb_core.o(.text)
    USB_OTG_EP0Activate                      0x080053b7   Thumb Code    58  usb_core.o(.text)
    USB_OTG_EPActivate                       0x080053f1   Thumb Code   104  usb_core.o(.text)
    USB_OTG_EPDeactivate                     0x08005459   Thumb Code    78  usb_core.o(.text)
    USB_OTG_EPStartXfer                      0x080054a7   Thumb Code   298  usb_core.o(.text)
    USB_OTG_EP0StartXfer                     0x080055d1   Thumb Code   184  usb_core.o(.text)
    USB_OTG_EPSetStall                       0x08005689   Thumb Code    48  usb_core.o(.text)
    USB_OTG_EPClearStall                     0x080056b9   Thumb Code    50  usb_core.o(.text)
    USB_OTG_ReadDevAllOutEp_itr              0x080056eb   Thumb Code    12  usb_core.o(.text)
    USB_OTG_ReadDevOutEP_itr                 0x080056f7   Thumb Code    16  usb_core.o(.text)
    USB_OTG_ReadDevAllInEPItr                0x08005707   Thumb Code    12  usb_core.o(.text)
    USB_OTG_EP0_OutStart                     0x08005713   Thumb Code    32  usb_core.o(.text)
    USB_OTG_ActiveRemoteWakeup               0x08005733   Thumb Code    66  usb_core.o(.text)
    USB_OTG_UngateClock                      0x08005775   Thumb Code    30  usb_core.o(.text)
    USB_OTG_StopDevice                       0x08005793   Thumb Code    72  usb_core.o(.text)
    USB_OTG_GetEPStatus                      0x080057db   Thumb Code    66  usb_core.o(.text)
    USB_OTG_SetEPStatus                      0x0800581d   Thumb Code   106  usb_core.o(.text)
    DCD_Init                                 0x0800588d   Thumb Code   146  usb_dcd.o(.text)
    DCD_EP_Open                              0x0800591f   Thumb Code    60  usb_dcd.o(.text)
    DCD_EP_Close                             0x0800595b   Thumb Code    44  usb_dcd.o(.text)
    DCD_EP_PrepareRx                         0x08005987   Thumb Code    68  usb_dcd.o(.text)
    DCD_EP_Tx                                0x080059cb   Thumb Code    62  usb_dcd.o(.text)
    DCD_EP_Stall                             0x08005a09   Thumb Code    56  usb_dcd.o(.text)
    DCD_EP_ClrStall                          0x08005a41   Thumb Code    56  usb_dcd.o(.text)
    DCD_EP_Flush                             0x08005a79   Thumb Code    24  usb_dcd.o(.text)
    DCD_EP_SetAddress                        0x08005a91   Thumb Code    16  usb_dcd.o(.text)
    DCD_DevConnect                           0x08005aa1   Thumb Code    16  usb_dcd.o(.text)
    DCD_DevDisconnect                        0x08005ab1   Thumb Code    16  usb_dcd.o(.text)
    DCD_GetEPStatus                          0x08005ac1   Thumb Code    38  usb_dcd.o(.text)
    DCD_SetEPStatus                          0x08005ae7   Thumb Code    38  usb_dcd.o(.text)
    USBD_OTG_EP1OUT_ISR_Handler              0x08005b0d   Thumb Code    74  usb_dcd_int.o(.text)
    USBD_OTG_EP1IN_ISR_Handler               0x08005bc9   Thumb Code   116  usb_dcd_int.o(.text)
    USBD_OTG_ISR_Handler                     0x08005d03   Thumb Code   368  usb_dcd_int.o(.text)
    USBD_DeInit                              0x08006091   Thumb Code     4  usbd_core.o(.text)
    USBD_Init                                0x08006095   Thumb Code    52  usbd_core.o(.text)
    USBD_SetCfg                              0x080062a1   Thumb Code    26  usbd_core.o(.text)
    USBD_ClrCfg                              0x080062bb   Thumb Code    14  usbd_core.o(.text)
    USBD_USR_DeviceDescriptor                0x08006321   Thumb Code     8  usbd_desc.o(.text)
    USBD_USR_LangIDStrDescriptor             0x08006329   Thumb Code    10  usbd_desc.o(.text)
    USBD_USR_ProductStrDescriptor            0x08006333   Thumb Code    22  usbd_desc.o(.text)
    USBD_USR_ManufacturerStrDescriptor       0x08006349   Thumb Code    16  usbd_desc.o(.text)
    USBD_USR_SerialStrDescriptor             0x08006359   Thumb Code    22  usbd_desc.o(.text)
    USBD_USR_ConfigStrDescriptor             0x0800636f   Thumb Code    16  usbd_desc.o(.text)
    USBD_USR_InterfaceStrDescriptor          0x0800637f   Thumb Code    16  usbd_desc.o(.text)
    USBD_HID_SendReport                      0x080064fb   Thumb Code    24  usbd_hid_core.o(.text)
    USBD_CtlSendData                         0x0800652d   Thumb Code    32  usbd_ioreq.o(.text)
    USBD_CtlContinueSendData                 0x0800654d   Thumb Code    18  usbd_ioreq.o(.text)
    USBD_CtlPrepareRx                        0x0800655f   Thumb Code    32  usbd_ioreq.o(.text)
    USBD_CtlContinueRx                       0x0800657f   Thumb Code    18  usbd_ioreq.o(.text)
    USBD_CtlSendStatus                       0x08006591   Thumb Code    34  usbd_ioreq.o(.text)
    USBD_CtlReceiveStatus                    0x080065b3   Thumb Code    34  usbd_ioreq.o(.text)
    USBD_GetRxCount                          0x080065d5   Thumb Code    16  usbd_ioreq.o(.text)
    USBD_CtlError                            0x080065e5   Thumb Code    28  usbd_req.o(.text)
    USBD_StdDevReq                           0x0800678f   Thumb Code   236  usbd_req.o(.text)
    USBD_StdItfReq                           0x0800687b   Thumb Code    54  usbd_req.o(.text)
    USBD_StdEPReq                            0x080068b1   Thumb Code   208  usbd_req.o(.text)
    USBD_ParseSetupRequest                   0x08006981   Thumb Code    68  usbd_req.o(.text)
    USBD_GetString                           0x080069c5   Thumb Code    78  usbd_req.o(.text)
    USBD_USR_Init                            0x08006a8d   Thumb Code     8  usbd_usr.o(.text)
    USBD_USR_DeviceReset                     0x08006a95   Thumb Code     8  usbd_usr.o(.text)
    USBD_USR_DeviceConfigured                0x08006a9d   Thumb Code     8  usbd_usr.o(.text)
    USBD_USR_DeviceConnected                 0x08006aa5   Thumb Code     8  usbd_usr.o(.text)
    USBD_USR_DeviceDisconnected              0x08006aad   Thumb Code     8  usbd_usr.o(.text)
    USBD_USR_DeviceSuspended                 0x08006ab5   Thumb Code     8  usbd_usr.o(.text)
    USBD_USR_DeviceResumed                   0x08006abd   Thumb Code     8  usbd_usr.o(.text)
    action_null_t::report_hid()              0x08006ac9   Thumb Code     2  touch_action.o(.text)
    action_l1_click_down_t::report_hid()     0x08006acb   Thumb Code    22  touch_action.o(.text)
    action_l1_click_up_t::report_hid()       0x08006ae1   Thumb Code    16  touch_action.o(.text)
    action_back_t::report_hid()              0x08006af1   Thumb Code    82  touch_action.o(.text)
    action_mouse_move_t::action_mouse_move_t() 0x08006b43   Thumb Code    12  touch_action.o(.text)
    action_mouse_move_t::action_mouse_move_t__sub_object() 0x08006b43   Thumb Code     0  touch_action.o(.text)
    action_mouse_move_t::action_mouse_move_t(unsigned short, unsigned short) 0x08006b4f   Thumb Code    10  touch_action.o(.text)
    action_mouse_move_t::action_mouse_move_t__sub_object(unsigned short, unsigned short) 0x08006b4f   Thumb Code     0  touch_action.o(.text)
    action_mouse_move_t::set_value(unsigned short, unsigned short) 0x08006b59   Thumb Code     6  touch_action.o(.text)
    action_mouse_move_t::report_hid()        0x08006b5f   Thumb Code    30  touch_action.o(.text)
    action_scroll_t::action_scroll_t()       0x08006b7d   Thumb Code    10  touch_action.o(.text)
    action_scroll_t::action_scroll_t__sub_object() 0x08006b7d   Thumb Code     0  touch_action.o(.text)
    action_scroll_t::action_scroll_t(short)  0x08006b87   Thumb Code     8  touch_action.o(.text)
    action_scroll_t::action_scroll_t__sub_object(short) 0x08006b87   Thumb Code     0  touch_action.o(.text)
    action_scroll_t::report_hid()            0x08006b8f   Thumb Code     2  touch_action.o(.text)
    touch_coord_t::touch_coord_t(unsigned short, unsigned short) 0x08006b9d   Thumb Code     6  touch_point.o(.text)
    touch_coord_t::touch_coord_t__sub_object(unsigned short, unsigned short) 0x08006b9d   Thumb Code     0  touch_point.o(.text)
    touch_coord_t::touch_coord_t()           0x08006ba3   Thumb Code     8  touch_point.o(.text)
    touch_coord_t::touch_coord_t__sub_object() 0x08006ba3   Thumb Code     0  touch_point.o(.text)
    touch_coord_t::operator ==(const touch_coord_t&) const 0x08006bab   Thumb Code    58  touch_point.o(.text)
    touch_coord_t::is_null()                 0x08006be5   Thumb Code    16  touch_point.o(.text)
    touch_point_t::die()                     0x08006bf5   Thumb Code    22  touch_point.o(.text)
    touch_point_t::touch_point_t()           0x08006c0b   Thumb Code    28  touch_point.o(.text)
    touch_point_t::touch_point_t__sub_object() 0x08006c0b   Thumb Code     0  touch_point.o(.text)
    touch_point_t::get_latest_move_distance() 0x08006c27   Thumb Code    24  touch_point.o(.text)
    touch_point_t::is_moved()                0x08006c3f   Thumb Code    28  touch_point.o(.text)
    touch_point_t::ripple_data(touch_coord_t) 0x08006c5b   Thumb Code    34  touch_point.o(.text)
    touch_point_t::coord_change(touch_coord_t) 0x08006c7d   Thumb Code    64  touch_point.o(.text)
    touch_mouse()                            0x08006cbd   Thumb Code   216  touch_mouse.o(.text)
    touch_driver_stmpe811::initilize()       0x08006db5   Thumb Code     4  touch_driver_stmpe811.o(.text)
    touch_driver_stmpe811::get_touch_points() 0x08006db9   Thumb Code   118  touch_driver_stmpe811.o(.text)
    touch_panel_t::touch_panel_t()           0x08006e71   Thumb Code    30  touch_panel.o(.text)
    touch_panel_t::touch_panel_t__sub_object() 0x08006e71   Thumb Code     0  touch_panel.o(.text)
    touch_panel_t::touch_panel_t(touch_driver_t*) 0x08006e8f   Thumb Code    30  touch_panel.o(.text)
    touch_panel_t::touch_panel_t__sub_object(touch_driver_t*) 0x08006e8f   Thumb Code     0  touch_panel.o(.text)
    touch_panel_t::set_touch_driver(touch_driver_t*) 0x08006ead   Thumb Code     4  touch_panel.o(.text)
    touch_panel_t::check_action()            0x08006eb1   Thumb Code    84  touch_panel.o(.text)
    touch_panel_t::update_point_data()       0x08006f05   Thumb Code   130  touch_panel.o(.text)
    touch_panel_t::get_active_point()        0x08006f87   Thumb Code    78  touch_panel.o(.text)
    hard_config_t::get_touch_driver()        0x08006fd9   Thumb Code     4  hard_config.o(.text)
    touch_driver_ft5x06::intialize_I2C()     0x08006ff9   Thumb Code    20  touch_driver_ft5x06.o(.text)
    touch_driver_ft5x06::initialize_EXINT_input() 0x0800700d   Thumb Code    20  touch_driver_ft5x06.o(.text)
    touch_driver_ft5x06::initialize_wake_output() 0x08007021   Thumb Code    58  touch_driver_ft5x06.o(.text)
    touch_driver_ft5x06::initilize()         0x0800705b   Thumb Code    22  touch_driver_ft5x06.o(.text)
    touch_driver_ft5x06::adjust_one_coord(OneTouch_t*) 0x08007071   Thumb Code    14  touch_driver_ft5x06.o(.text)
    touch_driver_ft5x06::adjust_coords()     0x0800707f   Thumb Code    36  touch_driver_ft5x06.o(.text)
    touch_driver_ft5x06::formalize_one_touch_data(OneTouch_t*, const unsigned char*) 0x080070a3   Thumb Code    42  touch_driver_ft5x06.o(.text)
    touch_driver_ft5x06::read_touch_data()   0x080070cd   Thumb Code   140  touch_driver_ft5x06.o(.text)
    touch_driver_ft5x06::get_touch_points()  0x08007159   Thumb Code    18  touch_driver_ft5x06.o(.text)
    touch_driver_ft5x06::get_exti_pin()      0x0800716b   Thumb Code     6  touch_driver_ft5x06.o(.text)
    os_idle_demon                            0x0800717d   Thumb Code     2  rtx_conf_cm.o(.text)
    os_error                                 0x0800717f   Thumb Code     2  rtx_conf_cm.o(.text)
    __aeabi_uldivmod                         0x08007181   Thumb Code    98  uldiv.o(.text)
    __aeabi_memcpy                           0x080071e3   Thumb Code    36  memcpya.o(.text)
    __aeabi_memcpy4                          0x080071e3   Thumb Code     0  memcpya.o(.text)
    __aeabi_memcpy8                          0x080071e3   Thumb Code     0  memcpya.o(.text)
    __aeabi_memset                           0x08007207   Thumb Code    14  memseta.o(.text)
    __aeabi_memset4                          0x08007207   Thumb Code     0  memseta.o(.text)
    __aeabi_memset8                          0x08007207   Thumb Code     0  memseta.o(.text)
    __aeabi_memclr                           0x08007215   Thumb Code     4  memseta.o(.text)
    __aeabi_memclr4                          0x08007215   Thumb Code     0  memseta.o(.text)
    __aeabi_memclr8                          0x08007215   Thumb Code     0  memseta.o(.text)
    _memset$wrapper                          0x08007219   Thumb Code    18  memseta.o(.text)
    __cpp_initialize__aeabi_                 0x0800722d   Thumb Code    22  cpp_init.o(.text)
    __aeabi_ddiv                             0x0800724d   Thumb Code   222  ddiv.o(.text)
    __aeabi_ui2d                             0x0800732b   Thumb Code    26  dfltui.o(.text)
    __aeabi_d2uiz                            0x08007345   Thumb Code    50  dfixui.o(.text)
    __aeabi_cdcmpeq                          0x08007379   Thumb Code     0  cdcmple.o(.text)
    __aeabi_cdcmple                          0x08007379   Thumb Code    48  cdcmple.o(.text)
    __aeabi_llsl                             0x080073a9   Thumb Code    30  llshl.o(.text)
    _ll_shift_l                              0x080073a9   Thumb Code     0  llshl.o(.text)
    __aeabi_llsr                             0x080073c7   Thumb Code    32  llushr.o(.text)
    _ll_ushift_r                             0x080073c7   Thumb Code     0  llushr.o(.text)
    __I$use$fp                               0x080073e7   Thumb Code     0  iusefp.o(.text)
    _double_round                            0x080073e7   Thumb Code    30  depilogue.o(.text)
    _double_epilogue                         0x08007405   Thumb Code   156  depilogue.o(.text)
    __scatterload                            0x080074a1   Thumb Code    28  init.o(.text)
    __scatterload_rt2                        0x080074a1   Thumb Code     0  init.o(.text)
    __decompress                             0x080074c5   Thumb Code     0  __dczerorl2.o(.text)
    __decompress1                            0x080074c5   Thumb Code    86  __dczerorl2.o(.text)
    SVC_Count                                0x0800751c   Data           4  svc_table.o(SVC_TABLE)
    SVC_Table                                0x08007520   Data           0  svc_table.o(SVC_TABLE)
    ACTION_FACTORY::ACTION_FACTORY()         0x08007521   Thumb Code    34  touch_panel.o(i._ZN14ACTION_FACTORYC1Ev)
    ACTION_FACTORY::ACTION_FACTORY__sub_object() 0x08007521   Thumb Code     0  touch_panel.o(i._ZN14ACTION_FACTORYC1Ev)
    __0sprintf$8                             0x08007555   Thumb Code    34  printf8.o(i.__0sprintf$8)
    __1sprintf$8                             0x08007555   Thumb Code     0  printf8.o(i.__0sprintf$8)
    __2sprintf                               0x08007555   Thumb Code     0  printf8.o(i.__0sprintf$8)
    __aeabi_vec_ctor_nocookie_nodtor         0x0800757d   Thumb Code    36  aeabi_vec_ctor_nocookie_nodtor.o(i.__aeabi_vec_ctor_nocookie_nodtor)
    __scatterload_copy                       0x080075a1   Thumb Code    14  handlers.o(i.__scatterload_copy)
    __scatterload_null                       0x080075af   Thumb Code     2  handlers.o(i.__scatterload_null)
    __scatterload_zeroinit                   0x080075b1   Thumb Code    14  handlers.o(i.__scatterload_zeroinit)
    _init_box                                0x080075bf   Thumb Code    70  rt_membox.o(i._init_box)
    dbg_init                                 0x08007a71   Thumb Code    34  hal_cm.o(i.dbg_init)
    dbg_task_notify                          0x08007aa1   Thumb Code    32  hal_cm.o(i.dbg_task_notify)
    dbg_task_switch                          0x08007ac1   Thumb Code    16  hal_cm.o(i.dbg_task_switch)
    free                                     0x08007ad1   Thumb Code    76  malloc.o(i.free)
    isrMessageGet                            0x08007b21   Thumb Code    42  rt_cmsis.o(i.isrMessageGet)
    isrMessagePut                            0x08007b4b   Thumb Code    44  rt_cmsis.o(i.isrMessagePut)
    isr_mbx_receive                          0x08007b79   Thumb Code    82  rt_mailbox.o(i.isr_mbx_receive)
    isr_mbx_send                             0x08007bcb   Thumb Code    14  rt_mailbox.o(i.isr_mbx_send)
    malloc                                   0x08007bd9   Thumb Code    92  malloc.o(i.malloc)
    osKernelInitialize                       0x08007c45   Thumb Code    30  rt_cmsis.o(i.osKernelInitialize)
    osKernelStart                            0x08007c69   Thumb Code    98  rt_cmsis.o(i.osKernelStart)
    osMessageGet                             0x08007cd5   Thumb Code    18  rt_cmsis.o(i.osMessageGet)
    osThreadCreate                           0x08007ced   Thumb Code    38  rt_cmsis.o(i.osThreadCreate)
    osThreadExit                             0x08007d1d   Thumb Code    14  rt_cmsis.o(i.osThreadExit)
    osTimerCall                              0x08007d35   Thumb Code     8  rt_cmsis.o(i.osTimerCall)
    osTimerThread                            0x08007d41   Thumb Code    38  rt_cmsis.o(i.osTimerThread)
    os_tick_init                             0x08007d6d   Thumb Code    32  rt_system.o(i.os_tick_init)
    os_tick_irqack                           0x08007d95   Thumb Code     2  rt_system.o(i.os_tick_irqack)
    rt_alloc_box                             0x08007d97   Thumb Code    26  rt_membox.o(i.rt_alloc_box)
    rt_alloc_mem                             0x08007db1   Thumb Code    62  rt_memory.o(i.rt_alloc_mem)
    rt_block                                 0x08007df1   Thumb Code    48  rt_task.o(i.rt_block)
    rt_chk_robin                             0x08007e29   Thumb Code    60  rt_robin.o(i.rt_chk_robin)
    rt_dec_dly                               0x08007e71   Thumb Code   102  rt_list.o(i.rt_dec_dly)
    rt_dispatch                              0x08007ee1   Thumb Code    60  rt_task.o(i.rt_dispatch)
    rt_evt_psh                               0x08007f25   Thumb Code    76  rt_event.o(i.rt_evt_psh)
    rt_free_box                              0x08007f75   Thumb Code    44  rt_membox.o(i.rt_free_box)
    rt_free_mem                              0x08007fa1   Thumb Code    40  rt_memory.o(i.rt_free_mem)
    rt_get_first                             0x08007fc9   Thumb Code    40  rt_list.o(i.rt_get_first)
    rt_init_mem                              0x08008041   Thumb Code    26  rt_memory.o(i.rt_init_mem)
    rt_init_robin                            0x0800805d   Thumb Code    14  rt_robin.o(i.rt_init_robin)
    rt_init_stack                            0x08008075   Thumb Code   118  hal_cm.o(i.rt_init_stack)
    rt_mbx_check                             0x080080f5   Thumb Code     8  rt_mailbox.o(i.rt_mbx_check)
    rt_mbx_init                              0x080080fd   Thumb Code    26  rt_mailbox.o(i.rt_mbx_init)
    rt_mbx_psh                               0x08008119   Thumb Code   236  rt_mailbox.o(i.rt_mbx_psh)
    rt_mbx_wait                              0x08008209   Thumb Code   174  rt_mailbox.o(i.rt_mbx_wait)
    rt_pop_req                               0x08008301   Thumb Code   112  rt_system.o(i.rt_pop_req)
    rt_psh_req                               0x0800837d   Thumb Code    22  rt_system.o(i.rt_psh_req)
    rt_psq_enq                               0x0800839d   Thumb Code    88  rt_list.o(i.rt_psq_enq)
    rt_put_dly                               0x080083f9   Thumb Code    68  rt_list.o(i.rt_put_dly)
    rt_put_prio                              0x08008441   Thumb Code    54  rt_list.o(i.rt_put_prio)
    rt_put_rdy_first                         0x08008479   Thumb Code    14  rt_list.o(i.rt_put_rdy_first)
    rt_resort_prio                           0x0800848d   Thumb Code    46  rt_list.o(i.rt_resort_prio)
    rt_ret_val                               0x080084d1   Thumb Code    12  hal_cm.o(i.rt_ret_val)
    rt_ret_val2                              0x080084dd   Thumb Code    16  hal_cm.o(i.rt_ret_val2)
    rt_rmv_dly                               0x080084ed   Thumb Code    40  rt_list.o(i.rt_rmv_dly)
    rt_rmv_list                              0x08008515   Thumb Code    44  rt_list.o(i.rt_rmv_list)
    rt_sem_psh                               0x08008545   Thumb Code    48  rt_semaphore.o(i.rt_sem_psh)
    rt_stk_check                             0x08008579   Thumb Code    28  rt_system.o(i.rt_stk_check)
    rt_switch_req                            0x0800859d   Thumb Code    30  rt_task.o(i.rt_switch_req)
    rt_sys_init                              0x080085c5   Thumb Code   138  rt_task.o(i.rt_sys_init)
    rt_sys_start                             0x08008691   Thumb Code   110  rt_task.o(i.rt_sys_start)
    rt_systick                               0x08008709   Thumb Code    50  rt_system.o(i.rt_systick)
    rt_tsk_create                            0x08008791   Thumb Code   120  rt_task.o(i.rt_tsk_create)
    rt_tsk_delete                            0x08008819   Thumb Code   346  rt_task.o(i.rt_tsk_delete)
    rt_tsk_prio                              0x08008991   Thumb Code   108  rt_task.o(i.rt_tsk_prio)
    rt_tsk_self                              0x08008a0d   Thumb Code    12  rt_task.o(i.rt_tsk_self)
    svcKernelInitialize                      0x08008a1d   Thumb Code    80  rt_cmsis.o(i.svcKernelInitialize)
    svcKernelStart                           0x08008a8d   Thumb Code    62  rt_cmsis.o(i.svcKernelStart)
    svcMessageCreate                         0x08008ad5   Thumb Code    36  rt_cmsis.o(i.svcMessageCreate)
    svcMessageGet                            0x08008af9   Thumb Code    58  rt_cmsis.o(i.svcMessageGet)
    svcThreadCreate                          0x08008b35   Thumb Code   100  rt_cmsis.o(i.svcThreadCreate)
    svcThreadGetId                           0x08008ba5   Thumb Code    22  rt_cmsis.o(i.svcThreadGetId)
    svcThreadTerminate                       0x08008bc1   Thumb Code    50  rt_cmsis.o(i.svcThreadTerminate)
    svcTimerCall                             0x08008bf9   Thumb Code    24  rt_cmsis.o(i.svcTimerCall)
    sysTimerTick                             0x08008c11   Thumb Code    84  rt_cmsis.o(i.sysTimerTick)
    TM_Font11x18                             0x08008c80   Data        3420  tm_stm32f4_fonts.o(.constdata)
    os_maxtaskrun                            0x080099dc   Data           2  rtx_conf_cm.o(.constdata)
    os_stackinfo                             0x080099e0   Data           4  rtx_conf_cm.o(.constdata)
    os_rrobin                                0x080099e4   Data           4  rtx_conf_cm.o(.constdata)
    os_trv                                   0x080099e8   Data           4  rtx_conf_cm.o(.constdata)
    os_flags                                 0x080099ec   Data           1  rtx_conf_cm.o(.constdata)
    CMSIS_RTOS_API_Version                   0x080099f0   Data           4  rtx_conf_cm.o(.constdata)
    CMSIS_RTOS_RTX_Version                   0x080099f4   Data           4  rtx_conf_cm.o(.constdata)
    os_clockrate                             0x080099f8   Data           4  rtx_conf_cm.o(.constdata)
    os_timernum                              0x080099fc   Data           4  rtx_conf_cm.o(.constdata)
    mp_tcb_size                              0x08009a00   Data           2  rtx_conf_cm.o(.constdata)
    mp_stk_size                              0x08009a04   Data           4  rtx_conf_cm.o(.constdata)
    os_stack_sz                              0x08009a08   Data           4  rtx_conf_cm.o(.constdata)
    os_fifo_size                             0x08009a0c   Data           1  rtx_conf_cm.o(.constdata)
    os_thread_def_osTimerThread              0x08009a10   Data          16  rtx_conf_cm.o(.constdata)
    os_messageQ_def_osTimerMessageQ          0x08009a20   Data           8  rtx_conf_cm.o(.constdata)
    mp_tmr_size                              0x08009a28   Data           2  rtx_conf_cm.o(.constdata)
    vtable for action_back_t                 0x08009a2c   Data          12  touch_action.o(.constdata__ZTV13action_back_t)
    vtable for action_null_t                 0x08009a38   Data          12  touch_action.o(.constdata__ZTV13action_null_t)
    vtable for action_scroll_t               0x08009a44   Data          12  touch_action.o(.constdata__ZTV15action_scroll_t)
    vtable for action_mouse_move_t           0x08009a50   Data          12  touch_action.o(.constdata__ZTV19action_mouse_move_t)
    vtable for touch_driver_ft5x06           0x08009a5c   Data          16  touch_driver_ft5x06.o(.constdata__ZTV19touch_driver_ft5x06)
    vtable for action_l1_click_up_t          0x08009a6c   Data          12  touch_action.o(.constdata__ZTV20action_l1_click_up_t)
    vtable for touch_driver_stmpe811         0x08009a78   Data          16  touch_driver_stmpe811.o(.constdata__ZTV21touch_driver_stmpe811)
    vtable for action_l1_click_down_t        0x08009a88   Data          12  touch_action.o(.constdata__ZTV22action_l1_click_down_t)
    Region$$Table$$Base                      0x08009ad8   Number         0  anon$$obj.o(Region$$Table)
    Region$$Table$$Limit                     0x08009af8   Number         0  anon$$obj.o(Region$$Table)
    SHT$$INIT_ARRAY$$Base                    0x08009af8   Number         0  test_ft5x06.o(.init_array)
    SHT$$INIT_ARRAY$$Limit                   0x08009b04   Number         0  cpp_init.o(.init_array)
    TM_DELAY_Initialized                     0x20000010   Data           1  tm_stm32f4_delay.o(.data)
    TM_Time                                  0x20000014   Data           4  tm_stm32f4_delay.o(.data)
    TM_Time2                                 0x20000018   Data           4  tm_stm32f4_delay.o(.data)
    ILI9341_x                                0x20000030   Data           2  tm_stm32f4_ili9341.o(.data)
    ILI9341_y                                0x20000032   Data           2  tm_stm32f4_ili9341.o(.data)
    ILI9341_Opts                             0x20000034   Data           6  tm_stm32f4_ili9341.o(.data)
    TM_Font_11x18                            0x2000003c   Data           8  tm_stm32f4_fonts.o(.data)
    SystemCoreClock                          0x200000d4   Data           4  system_stm32f4xx.o(.data)
    AHBPrescTable                            0x200000d8   Data          16  system_stm32f4xx.o(.data)
    USBD_DCD_INT_cb                          0x200000ec   Data          44  usbd_core.o(.data)
    USBD_DCD_INT_fops                        0x20000118   Data           4  usbd_core.o(.data)
    SET_TEST_MODE                            0x2000011c   Data           4  usbd_core.o(.data)
    USR_desc                                 0x20000120   Data          28  usbd_desc.o(.data)
    USBD_LangIDDesc                          0x2000013c   Data           4  usbd_desc.o(.data)
    USBD_DeviceDesc                          0x20000140   Data          18  usbd_desc.o(.data)
    USBD_DeviceQualifierDesc                 0x20000154   Data          10  usbd_desc.o(.data)
    USBD_HID_cb                              0x20000160   Data          48  usbd_hid_core.o(.data)
    USBD_ep_status                           0x20000298   Data           4  usbd_req.o(.data)
    USBD_default_cfg                         0x2000029c   Data           4  usbd_req.o(.data)
    USBD_cfg_status                          0x200002a0   Data           4  usbd_req.o(.data)
    USR_cb                                   0x200002a4   Data          28  usbd_usr.o(.data)
    TM_USB_HIDDEVICE_INT_Status              0x200002c0   Data           1  usbd_usr.o(.data)
    m_tmr                                    0x200002c4   Data           4  rtx_conf_cm.o(.data)
    os_thread_def_main                       0x200002c8   Data          16  rtx_conf_cm.o(.data)
    osThreadId_osTimerThread                 0x200002d8   Data           4  rtx_conf_cm.o(.data)
    osMessageQId_osTimerMessageQ             0x200002dc   Data           4  rtx_conf_cm.o(.data)
    os_initialized                           0x200002e0   Data           1  rt_cmsis.o(.data)
    os_running                               0x200002e1   Data           1  rt_cmsis.o(.data)
    os_timer_head                            0x200002e4   Data           4  rt_cmsis.o(.data)
    os_tsk                                   0x200002e8   Data           8  rt_task.o(.data)
    os_tick_irqn                             0x200002f4   Data           4  rt_system.o(.data)
    os_time                                  0x200002f8   Data           4  rt_time.o(.data)
    dbg_msg                                  0x200002fc   Data           1  hal_cm.o(.data)
    os_robin                                 0x20000300   Data           8  rt_robin.o(.data)
    __microlib_freelist                      0x20000308   Data           4  mvars.o(.data)
    __microlib_freelist_initialised          0x2000030c   Data           4  mvars.o(.data)
    USBD_StrDesc                             0x20000520   Data          64  usbd_req.o(.bss)
    USB_OTG_dev                              0x20000560   Data        1524  usbd_usr.o(.bss)
    os_messageQ_q_osTimerMessageQ            0x200010fc   Data          32  rtx_conf_cm.o(.bss)
    mp_tcb                                   0x2000111c   Data         376  rtx_conf_cm.o(.bss)
    mp_stk                                   0x20001298   Data        1216  rtx_conf_cm.o(.bss)
    os_stack_mem                             0x20001758   Data         432  rtx_conf_cm.o(.bss)
    os_fifo                                  0x20001908   Data         132  rtx_conf_cm.o(.bss)
    os_active_TCB                            0x2000198c   Data          28  rtx_conf_cm.o(.bss)
    os_idle_TCB                              0x200019a8   Data          52  rt_task.o(.bss)
    os_rdy                                   0x200019dc   Data          24  rt_list.o(.bss)
    os_dly                                   0x200019f4   Data          24  rt_list.o(.bss)
    __heap_base                              0x20001a10   Data           0  startup_stm32f429_439xx.o(HEAP)
    __heap_limit                             0x20001c10   Data           0  startup_stm32f429_439xx.o(HEAP)
    __initial_sp                             0x20002010   Data           0  startup_stm32f429_439xx.o(STACK)



==============================================================================

Memory Map of the image

  Image Entry point : 0x080001ad

  Load Region LR_IROM1 (Base: 0x08000000, Size: 0x00009e14, Max: 0x00200000, ABSOLUTE, COMPRESSED[0x00009c88])

    Execution Region ER_IROM1 (Base: 0x08000000, Size: 0x00009b04, Max: 0x00200000, ABSOLUTE)

    Base Addr    Size         Type   Attr      Idx    E Section Name        Object

    0x08000000   0x000001ac   Data   RO            3    RESET               startup_stm32f429_439xx.o
    0x080001ac   0x00000000   Code   RO         3362  * .ARM.Collect$$$$00000000  mc_w.l(entry.o)
    0x080001ac   0x00000004   Code   RO         3693    .ARM.Collect$$$$00000001  mc_w.l(entry2.o)
    0x080001b0   0x00000004   Code   RO         3696    .ARM.Collect$$$$00000004  mc_w.l(entry5.o)
    0x080001b4   0x00000000   Code   RO         3698    .ARM.Collect$$$$00000008  mc_w.l(entry7b.o)
    0x080001b4   0x00000004   Code   RO         3699    .ARM.Collect$$$$00000009  mc_w.l(entry8a.o)
    0x080001b8   0x00000000   Code   RO         3700    .ARM.Collect$$$$0000000A  mc_w.l(entry8b.o)
    0x080001b8   0x00000000   Code   RO         3701    .ARM.Collect$$$$0000000D  mc_w.l(entry10a.o)
    0x080001b8   0x00000000   Code   RO         3703    .ARM.Collect$$$$0000000F  mc_w.l(entry11a.o)
    0x080001b8   0x00000018   Code   RO         1981    .ARM.Collect$$$$000000FF  rtx_conf_cm.o
    0x080001d0   0x00000004   Code   RO         3694    .ARM.Collect$$$$00002712  mc_w.l(entry2.o)
    0x080001d4   0x00000198   Code   RO         3240    .emb_text           RTX_CM4.lib(hal_cm4.o)
    0x0800036c   0x00000024   Code   RO            4    .text               startup_stm32f429_439xx.o
    0x08000390   0x000000b0   Code   RO           13    .text               misc.o
    0x08000440   0x00000484   Code   RO          151    .text               stm32f4xx_rcc.o
    0x080008c4   0x0000020c   Code   RO          177    .text               stm32f4xx_gpio.o
    0x08000ad0   0x000000e0   Code   RO          201    .text               stm32f4xx_exti.o
    0x08000bb0   0x00000360   Code   RO          225    .text               stm32f4xx_i2c.o
    0x08000f10   0x0000032c   Code   RO          249    .text               stm32f4xx_spi.o
    0x0800123c   0x00000320   Code   RO          273    .text               stm32f4xx_dma.o
    0x0800155c   0x000009dc   Code   RO          297    .text               stm32f4xx_tim.o
    0x08001f38   0x000001e8   Code   RO          322    .text               tm_stm32f4_delay.o
    0x08002120   0x00000084   Code   RO          370    .text               tm_stm32f4_disco.o
    0x080021a4   0x0000029c   Code   RO          402    .text               tm_stm32f4_gpio.o
    0x08002440   0x00000484   Code   RO          429    .text               tm_stm32f4_i2c.o
    0x080028c4   0x0000030c   Code   RO          459    .text               tm_stm32f4_usb_hid_device.o
    0x08002bd0   0x00000320   Code   RO          526    .text               tm_stm32f4_stmpe811.o
    0x08002ef0   0x00000634   Code   RO          561    .text               tm_stm32f4_spi.o
    0x08003524   0x00000962   Code   RO          589    .text               tm_stm32f4_ili9341.o
    0x08003e86   0x00000002   PAD
    0x08003e88   0x000001f4   Code   RO          640    .text               tm_stm32f4_dma.o
    0x0800407c   0x000002e8   Code   RO          705    .text               tm_stm32f4_spi_dma.o
    0x08004364   0x0000030c   Code   RO          732    .text               tm_stm32f4_timer_properties.o
    0x08004670   0x0000033c   Code   RO          756    .text               tm_stm32f4_exti.o
    0x080049ac   0x0000000e   Code   RO          783    .text               stm32f4xx_it.o
    0x080049ba   0x00000002   PAD
    0x080049bc   0x00000198   Code   RO          810    .text               system_stm32f4xx.o
    0x08004b54   0x00000074   Code   RO         1011    .text               log.o
    0x08004bc8   0x0000000a   Code   RO         1040    .text               main.o
    0x08004bd2   0x00000002   PAD
    0x08004bd4   0x00000160   Code   RO         1200    .text               test_ft5x06.o
    0x08004d34   0x000001d4   Code   RO         1268    .text               usb_bsp.o
    0x08004f08   0x00000984   Code   RO         1303    .text               usb_core.o
    0x0800588c   0x00000280   Code   RO         1328    .text               usb_dcd.o
    0x08005b0c   0x00000584   Code   RO         1352    .text               usb_dcd_int.o
    0x08006090   0x00000290   Code   RO         1376    .text               usbd_core.o
    0x08006320   0x00000108   Code   RO         1412    .text               usbd_desc.o
    0x08006428   0x00000104   Code   RO         1445    .text               usbd_hid_core.o
    0x0800652c   0x000000b8   Code   RO         1476    .text               usbd_ioreq.o
    0x080065e4   0x000004a8   Code   RO         1500    .text               usbd_req.o
    0x08006a8c   0x0000003c   Code   RO         1533    .text               usbd_usr.o
    0x08006ac8   0x000000d4   Code   RO         1721    .text               touch_action.o
    0x08006b9c   0x00000120   Code   RO         1781    .text               touch_point.o
    0x08006cbc   0x000000f8   Code   RO         1821    .text               touch_mouse.o
    0x08006db4   0x000000bc   Code   RO         1860    .text               touch_driver_stmpe811.o
    0x08006e70   0x00000168   Code   RO         1898    .text               touch_panel.o
    0x08006fd8   0x00000020   Code   RO         1926    .text               hard_config.o
    0x08006ff8   0x00000184   Code   RO         1956    .text               touch_driver_ft5x06.o
    0x0800717c   0x00000004   Code   RO         1982    .text               rtx_conf_cm.o
    0x08007180   0x00000062   Code   RO         3365    .text               mc_w.l(uldiv.o)
    0x080071e2   0x00000024   Code   RO         3367    .text               mc_w.l(memcpya.o)
    0x08007206   0x00000024   Code   RO         3369    .text               mc_w.l(memseta.o)
    0x0800722a   0x00000002   PAD
    0x0800722c   0x00000020   Code   RO         3667    .text               mc_w.l(cpp_init.o)
    0x0800724c   0x000000de   Code   RO         3669    .text               mf_w.l(ddiv.o)
    0x0800732a   0x0000001a   Code   RO         3671    .text               mf_w.l(dfltui.o)
    0x08007344   0x00000032   Code   RO         3673    .text               mf_w.l(dfixui.o)
    0x08007376   0x00000002   PAD
    0x08007378   0x00000030   Code   RO         3675    .text               mf_w.l(cdcmple.o)
    0x080073a8   0x0000001e   Code   RO         3710    .text               mc_w.l(llshl.o)
    0x080073c6   0x00000020   Code   RO         3712    .text               mc_w.l(llushr.o)
    0x080073e6   0x00000000   Code   RO         3716    .text               mc_w.l(iusefp.o)
    0x080073e6   0x000000ba   Code   RO         3717    .text               mf_w.l(depilogue.o)
    0x080074a0   0x00000024   Code   RO         3743    .text               mc_w.l(init.o)
    0x080074c4   0x00000056   Code   RO         3774    .text               mc_w.l(__dczerorl2.o)
    0x0800751a   0x00000002   PAD
    0x0800751c   0x00000004   Code   RO         3250    SVC_TABLE           RTX_CM4.lib(svc_table.o)
    0x08007520   0x00000034   Code   RO         1917    i._ZN14ACTION_FACTORYC1Ev  touch_panel.o
    0x08007554   0x00000028   Code   RO         3584    i.__0sprintf$8      mc_w.l(printf8.o)
    0x0800757c   0x00000024   Code   RO         3359    i.__aeabi_vec_ctor_nocookie_nodtor  cpprt_w.l(aeabi_vec_ctor_nocookie_nodtor.o)
    0x080075a0   0x0000000e   Code   RO         3768    i.__scatterload_copy  mc_w.l(handlers.o)
    0x080075ae   0x00000002   Code   RO         3769    i.__scatterload_null  mc_w.l(handlers.o)
    0x080075b0   0x0000000e   Code   RO         3770    i.__scatterload_zeroinit  mc_w.l(handlers.o)
    0x080075be   0x00000046   Code   RO         3113    i._init_box         RTX_CM4.lib(rt_membox.o)
    0x08007604   0x00000410   Code   RO         3589    i._printf_core      mc_w.l(printf8.o)
    0x08007a14   0x00000024   Code   RO         3590    i._printf_post_padding  mc_w.l(printf8.o)
    0x08007a38   0x0000002e   Code   RO         3591    i._printf_pre_padding  mc_w.l(printf8.o)
    0x08007a66   0x0000000a   Code   RO         3593    i._sputc            mc_w.l(printf8.o)
    0x08007a70   0x00000030   Code   RO         3166    i.dbg_init          RTX_CM4.lib(hal_cm.o)
    0x08007aa0   0x00000020   Code   RO         3167    i.dbg_task_notify   RTX_CM4.lib(hal_cm.o)
    0x08007ac0   0x00000010   Code   RO         3168    i.dbg_task_switch   RTX_CM4.lib(hal_cm.o)
    0x08007ad0   0x00000050   Code   RO         3636    i.free              mc_w.l(malloc.o)
    0x08007b20   0x0000002a   Code   RO         2037    i.isrMessageGet     RTX_CM4.lib(rt_cmsis.o)
    0x08007b4a   0x0000002c   Code   RO         2038    i.isrMessagePut     RTX_CM4.lib(rt_cmsis.o)
    0x08007b76   0x00000002   PAD
    0x08007b78   0x00000052   Code   RO         2959    i.isr_mbx_receive   RTX_CM4.lib(rt_mailbox.o)
    0x08007bca   0x0000000e   Code   RO         2960    i.isr_mbx_send      RTX_CM4.lib(rt_mailbox.o)
    0x08007bd8   0x0000006c   Code   RO         3637    i.malloc            mc_w.l(malloc.o)
    0x08007c44   0x00000024   Code   RO         2042    i.osKernelInitialize  RTX_CM4.lib(rt_cmsis.o)
    0x08007c68   0x0000006c   Code   RO         2044    i.osKernelStart     RTX_CM4.lib(rt_cmsis.o)
    0x08007cd4   0x00000018   Code   RO         2053    i.osMessageGet      RTX_CM4.lib(rt_cmsis.o)
    0x08007cec   0x00000030   Code   RO         2070    i.osThreadCreate    RTX_CM4.lib(rt_cmsis.o)
    0x08007d1c   0x00000018   Code   RO         2071    i.osThreadExit      RTX_CM4.lib(rt_cmsis.o)
    0x08007d34   0x0000000c   Code   RO         2077    i.osTimerCall       RTX_CM4.lib(rt_cmsis.o)
    0x08007d40   0x0000002c   Code   RO         2082    i.osTimerThread     RTX_CM4.lib(rt_cmsis.o)
    0x08007d6c   0x00000028   Code   RO         2747    i.os_tick_init      RTX_CM4.lib(rt_system.o)
    0x08007d94   0x00000002   Code   RO         2748    i.os_tick_irqack    RTX_CM4.lib(rt_system.o)
    0x08007d96   0x0000001a   Code   RO         3114    i.rt_alloc_box      RTX_CM4.lib(rt_membox.o)
    0x08007db0   0x0000003e   Code   RO         3142    i.rt_alloc_mem      RTX_CM4.lib(rt_memory.o)
    0x08007dee   0x00000002   PAD
    0x08007df0   0x00000038   Code   RO         2662    i.rt_block          RTX_CM4.lib(rt_task.o)
    0x08007e28   0x00000048   Code   RO         3219    i.rt_chk_robin      RTX_CM4.lib(rt_robin.o)
    0x08007e70   0x00000070   Code   RO         2883    i.rt_dec_dly        RTX_CM4.lib(rt_list.o)
    0x08007ee0   0x00000044   Code   RO         2663    i.rt_dispatch       RTX_CM4.lib(rt_task.o)
    0x08007f24   0x00000050   Code   RO         2840    i.rt_evt_psh        RTX_CM4.lib(rt_event.o)
    0x08007f74   0x0000002c   Code   RO         3115    i.rt_free_box       RTX_CM4.lib(rt_membox.o)
    0x08007fa0   0x00000028   Code   RO         3143    i.rt_free_mem       RTX_CM4.lib(rt_memory.o)
    0x08007fc8   0x00000028   Code   RO         2884    i.rt_get_first      RTX_CM4.lib(rt_list.o)
    0x08007ff0   0x00000008   Code   RO         2087    i.rt_id2obj         RTX_CM4.lib(rt_cmsis.o)
    0x08007ff8   0x00000048   Code   RO         2664    i.rt_init_context   RTX_CM4.lib(rt_task.o)
    0x08008040   0x0000001a   Code   RO         3144    i.rt_init_mem       RTX_CM4.lib(rt_memory.o)
    0x0800805a   0x00000002   PAD
    0x0800805c   0x00000018   Code   RO         3220    i.rt_init_robin     RTX_CM4.lib(rt_robin.o)
    0x08008074   0x00000080   Code   RO         3169    i.rt_init_stack     RTX_CM4.lib(hal_cm.o)
    0x080080f4   0x00000008   Code   RO         2961    i.rt_mbx_check      RTX_CM4.lib(rt_mailbox.o)
    0x080080fc   0x0000001a   Code   RO         2962    i.rt_mbx_init       RTX_CM4.lib(rt_mailbox.o)
    0x08008116   0x00000002   PAD
    0x08008118   0x000000f0   Code   RO         2963    i.rt_mbx_psh        RTX_CM4.lib(rt_mailbox.o)
    0x08008208   0x000000b4   Code   RO         2965    i.rt_mbx_wait       RTX_CM4.lib(rt_mailbox.o)
    0x080082bc   0x00000044   Code   RO         2088    i.rt_ms2tick        RTX_CM4.lib(rt_cmsis.o)
    0x08008300   0x0000007c   Code   RO         2751    i.rt_pop_req        RTX_CM4.lib(rt_system.o)
    0x0800837c   0x00000020   Code   RO         2752    i.rt_psh_req        RTX_CM4.lib(rt_system.o)
    0x0800839c   0x0000005c   Code   RO         2886    i.rt_psq_enq        RTX_CM4.lib(rt_list.o)
    0x080083f8   0x00000048   Code   RO         2887    i.rt_put_dly        RTX_CM4.lib(rt_list.o)
    0x08008440   0x00000036   Code   RO         2888    i.rt_put_prio       RTX_CM4.lib(rt_list.o)
    0x08008476   0x00000002   PAD
    0x08008478   0x00000014   Code   RO         2889    i.rt_put_rdy_first  RTX_CM4.lib(rt_list.o)
    0x0800848c   0x00000034   Code   RO         2890    i.rt_resort_prio    RTX_CM4.lib(rt_list.o)
    0x080084c0   0x00000010   Code   RO         3170    i.rt_ret_regs       RTX_CM4.lib(hal_cm.o)
    0x080084d0   0x0000000c   Code   RO         3171    i.rt_ret_val        RTX_CM4.lib(hal_cm.o)
    0x080084dc   0x00000010   Code   RO         3172    i.rt_ret_val2       RTX_CM4.lib(hal_cm.o)
    0x080084ec   0x00000028   Code   RO         2891    i.rt_rmv_dly        RTX_CM4.lib(rt_list.o)
    0x08008514   0x00000030   Code   RO         2892    i.rt_rmv_list       RTX_CM4.lib(rt_list.o)
    0x08008544   0x00000034   Code   RO         3010    i.rt_sem_psh        RTX_CM4.lib(rt_semaphore.o)
    0x08008578   0x00000024   Code   RO         2754    i.rt_stk_check      RTX_CM4.lib(rt_system.o)
    0x0800859c   0x00000028   Code   RO         2665    i.rt_switch_req     RTX_CM4.lib(rt_task.o)
    0x080085c4   0x000000cc   Code   RO         2666    i.rt_sys_init       RTX_CM4.lib(rt_task.o)
    0x08008690   0x00000078   Code   RO         2667    i.rt_sys_start      RTX_CM4.lib(rt_task.o)
    0x08008708   0x00000040   Code   RO         2756    i.rt_systick        RTX_CM4.lib(rt_system.o)
    0x08008748   0x00000012   Code   RO         2089    i.rt_tid2ptcb       RTX_CM4.lib(rt_cmsis.o)
    0x0800875a   0x00000002   PAD
    0x0800875c   0x00000034   Code   RO         2090    i.rt_timer_insert   RTX_CM4.lib(rt_cmsis.o)
    0x08008790   0x00000088   Code   RO         2668    i.rt_tsk_create     RTX_CM4.lib(rt_task.o)
    0x08008818   0x00000178   Code   RO         2669    i.rt_tsk_delete     RTX_CM4.lib(rt_task.o)
    0x08008990   0x0000007c   Code   RO         2671    i.rt_tsk_prio       RTX_CM4.lib(rt_task.o)
    0x08008a0c   0x00000010   Code   RO         2672    i.rt_tsk_self       RTX_CM4.lib(rt_task.o)
    0x08008a1c   0x00000070   Code   RO         2093    i.svcKernelInitialize  RTX_CM4.lib(rt_cmsis.o)
    0x08008a8c   0x00000048   Code   RO         2095    i.svcKernelStart    RTX_CM4.lib(rt_cmsis.o)
    0x08008ad4   0x00000024   Code   RO         2098    i.svcMessageCreate  RTX_CM4.lib(rt_cmsis.o)
    0x08008af8   0x0000003a   Code   RO         2099    i.svcMessageGet     RTX_CM4.lib(rt_cmsis.o)
    0x08008b32   0x00000002   PAD
    0x08008b34   0x00000070   Code   RO         2113    i.svcThreadCreate   RTX_CM4.lib(rt_cmsis.o)
    0x08008ba4   0x0000001c   Code   RO         2114    i.svcThreadGetId    RTX_CM4.lib(rt_cmsis.o)
    0x08008bc0   0x00000038   Code   RO         2117    i.svcThreadTerminate  RTX_CM4.lib(rt_cmsis.o)
    0x08008bf8   0x00000018   Code   RO         2119    i.svcTimerCall      RTX_CM4.lib(rt_cmsis.o)
    0x08008c10   0x0000005c   Code   RO         2128    i.sysTimerTick      RTX_CM4.lib(rt_cmsis.o)
    0x08008c6c   0x00000014   Data   RO          641    .constdata          tm_stm32f4_dma.o
    0x08008c80   0x00000d5c   Data   RO          672    .constdata          tm_stm32f4_fonts.o
    0x080099dc   0x00000002   Data   RO         1989    .constdata          rtx_conf_cm.o
    0x080099de   0x00000002   PAD
    0x080099e0   0x00000004   Data   RO         1990    .constdata          rtx_conf_cm.o
    0x080099e4   0x00000004   Data   RO         1991    .constdata          rtx_conf_cm.o
    0x080099e8   0x00000004   Data   RO         1995    .constdata          rtx_conf_cm.o
    0x080099ec   0x00000001   Data   RO         1996    .constdata          rtx_conf_cm.o
    0x080099ed   0x00000003   PAD
    0x080099f0   0x00000010   Data   RO         1997    .constdata          rtx_conf_cm.o
    0x08009a00   0x00000002   Data   RO         1998    .constdata          rtx_conf_cm.o
    0x08009a02   0x00000002   PAD
    0x08009a04   0x00000004   Data   RO         1999    .constdata          rtx_conf_cm.o
    0x08009a08   0x00000004   Data   RO         2000    .constdata          rtx_conf_cm.o
    0x08009a0c   0x00000001   Data   RO         2001    .constdata          rtx_conf_cm.o
    0x08009a0d   0x00000003   PAD
    0x08009a10   0x00000010   Data   RO         2002    .constdata          rtx_conf_cm.o
    0x08009a20   0x00000008   Data   RO         2003    .constdata          rtx_conf_cm.o
    0x08009a28   0x00000002   Data   RO         2004    .constdata          rtx_conf_cm.o
    0x08009a2a   0x00000002   PAD
    0x08009a2c   0x0000000c   Data   RO         1746    .constdata__ZTV13action_back_t  touch_action.o
    0x08009a38   0x0000000c   Data   RO         1740    .constdata__ZTV13action_null_t  touch_action.o
    0x08009a44   0x0000000c   Data   RO         1750    .constdata__ZTV15action_scroll_t  touch_action.o
    0x08009a50   0x0000000c   Data   RO         1748    .constdata__ZTV19action_mouse_move_t  touch_action.o
    0x08009a5c   0x00000010   Data   RO         1975    .constdata__ZTV19touch_driver_ft5x06  touch_driver_ft5x06.o
    0x08009a6c   0x0000000c   Data   RO         1744    .constdata__ZTV20action_l1_click_up_t  touch_action.o
    0x08009a78   0x00000010   Data   RO         1879    .constdata__ZTV21touch_driver_stmpe811  touch_driver_stmpe811.o
    0x08009a88   0x0000000c   Data   RO         1742    .constdata__ZTV22action_l1_click_down_t  touch_action.o
    0x08009a94   0x00000044   Data   RO         1203    .conststring        test_ft5x06.o
    0x08009ad8   0x00000020   Data   RO         3766    Region$$Table       anon$$obj.o
    0x08009af8   0x00000004   Data   RO         1205    .init_array         test_ft5x06.o
    0x08009afc   0x00000004   Data   RO         1825    .init_array         touch_mouse.o
    0x08009b00   0x00000004   Data   RO         1929    .init_array         hard_config.o
    0x08009b04   0x00000000   Data   RO         3665    .init_array         mc_w.l(cpp_init.o)


    Execution Region RW_IRAM1 (Base: 0x20000000, Size: 0x00002010, Max: 0x00030000, ABSOLUTE, COMPRESSED[0x00000184])

    Base Addr    Size         Type   Attr      Idx    E Section Name        Object

    0x20000000   0x00000010   Data   RW          152    .data               stm32f4xx_rcc.o
    0x20000010   0x0000000c   Data   RW          325    .data               tm_stm32f4_delay.o
    0x2000001c   0x00000001   Data   RW          371    .data               tm_stm32f4_disco.o
    0x2000001d   0x00000003   PAD
    0x20000020   0x00000010   Data   RW          430    .data               tm_stm32f4_i2c.o
    0x20000030   0x0000000a   Data   RW          591    .data               tm_stm32f4_ili9341.o
    0x2000003a   0x00000002   PAD
    0x2000003c   0x00000008   Data   RW          675    .data               tm_stm32f4_fonts.o
    0x20000044   0x00000090   Data   RW          707    .data               tm_stm32f4_spi_dma.o
    0x200000d4   0x00000014   Data   RW          811    .data               system_stm32f4xx.o
    0x200000e8   0x00000004   Data   RW         1204    .data               test_ft5x06.o
    0x200000ec   0x0000002c   Data   RW         1377    .data               usbd_core.o
    0x20000118   0x00000004   Data   RW         1378    .data               usbd_core.o
    0x2000011c   0x00000004   Data   RW         1379    .data               usbd_core.o
    0x20000120   0x0000001c   Data   RW         1413    .data               usbd_desc.o
    0x2000013c   0x00000016   Data   RW         1414    .data               usbd_desc.o
    0x20000152   0x00000002   PAD
    0x20000154   0x0000000a   Data   RW         1415    .data               usbd_desc.o
    0x2000015e   0x00000002   PAD
    0x20000160   0x00000030   Data   RW         1446    .data               usbd_hid_core.o
    0x20000190   0x00000101   Data   RW         1447    .data               usbd_hid_core.o
    0x20000291   0x00000003   PAD
    0x20000294   0x00000010   Data   RW         1502    .data               usbd_req.o
    0x200002a4   0x0000001c   Data   RW         1535    .data               usbd_usr.o
    0x200002c0   0x00000001   Data   RW         1536    .data               usbd_usr.o
    0x200002c1   0x00000001   Data   RW         1824    .data               touch_mouse.o
    0x200002c2   0x00000002   PAD
    0x200002c4   0x00000004   Data   RW         2006    .data               rtx_conf_cm.o
    0x200002c8   0x00000010   Data   RW         2007    .data               rtx_conf_cm.o
    0x200002d8   0x00000004   Data   RW         2008    .data               rtx_conf_cm.o
    0x200002dc   0x00000004   Data   RW         2009    .data               rtx_conf_cm.o
    0x200002e0   0x00000008   Data   RW         2131    .data               RTX_CM4.lib(rt_cmsis.o)
    0x200002e8   0x00000008   Data   RW         2674    .data               RTX_CM4.lib(rt_task.o)
    0x200002f0   0x00000008   Data   RW         2759    .data               RTX_CM4.lib(rt_system.o)
    0x200002f8   0x00000004   Data   RW         3053    .data               RTX_CM4.lib(rt_time.o)
    0x200002fc   0x00000001   Data   RW         3173    .data               RTX_CM4.lib(hal_cm.o)
    0x200002fd   0x00000003   PAD
    0x20000300   0x00000008   Data   RW         3221    .data               RTX_CM4.lib(rt_robin.o)
    0x20000308   0x00000004   Data   RW         3714    .data               mc_w.l(mvars.o)
    0x2000030c   0x00000004   Data   RW         3715    .data               mc_w.l(mvars.o)
    0x20000310   0x00000018   Zero   RW          323    .bss                tm_stm32f4_delay.o
    0x20000328   0x00000016   Zero   RW          403    .bss                tm_stm32f4_gpio.o
    0x2000033e   0x00000002   PAD
    0x20000340   0x0000003c   Zero   RW          706    .bss                tm_stm32f4_spi_dma.o
    0x2000037c   0x000000c0   Zero   RW         1012    .bss                log.o
    0x2000043c   0x000000e4   Zero   RW         1202    .bss                test_ft5x06.o
    0x20000520   0x00000040   Zero   RW         1501    .bss                usbd_req.o
    0x20000560   0x000005f4   Zero   RW         1534    .bss                usbd_usr.o
    0x20000b54   0x00000560   Zero   RW         1823    .bss                touch_mouse.o
    0x200010b4   0x00000048   Zero   RW         1928    .bss                hard_config.o
    0x200010fc   0x00000020   Zero   RW         1983    .bss                rtx_conf_cm.o
    0x2000111c   0x00000178   Zero   RW         1984    .bss                rtx_conf_cm.o
    0x20001294   0x00000004   PAD
    0x20001298   0x000004c0   Zero   RW         1985    .bss                rtx_conf_cm.o
    0x20001758   0x000001b0   Zero   RW         1986    .bss                rtx_conf_cm.o
    0x20001908   0x00000084   Zero   RW         1987    .bss                rtx_conf_cm.o
    0x2000198c   0x0000001c   Zero   RW         1988    .bss                rtx_conf_cm.o
    0x200019a8   0x00000034   Zero   RW         2673    .bss                RTX_CM4.lib(rt_task.o)
    0x200019dc   0x00000030   Zero   RW         2893    .bss                RTX_CM4.lib(rt_list.o)
    0x20001a0c   0x00000004   PAD
    0x20001a10   0x00000200   Zero   RW            2    HEAP                startup_stm32f429_439xx.o
    0x20001c10   0x00000400   Zero   RW            1    STACK               startup_stm32f429_439xx.o


==============================================================================

Image component sizes


      Code (inc. data)   RO Data    RW Data    ZI Data      Debug   Object Name

        32         12          4          0         72       1440   hard_config.o
       116          8          0          0        192       1358   log.o
        10          0          0          0          0      12227   main.o
       176         12          0          0          0     323169   misc.o
        28          6         68         28       2216       7474   rtx_conf_cm.o
        36          8        428          0       1536       1080   startup_stm32f429_439xx.o
       800         32          0          0          0       7409   stm32f4xx_dma.o
       224         10          0          0          0       2839   stm32f4xx_exti.o
       524         44          0          0          0       4917   stm32f4xx_gpio.o
       864         20          0          0          0       9611   stm32f4xx_i2c.o
        14          0          0          0          0       1201   stm32f4xx_it.o
      1156         48          0         16          0      13940   stm32f4xx_rcc.o
       812         36          0          0          0       7817   stm32f4xx_spi.o
      2524         52          0          0          0      24442   stm32f4xx_tim.o
       408         36          0         20          0       2119   system_stm32f4xx.o
       352         80         72          4        228       7455   test_ft5x06.o
       488         28          0         12         24       8306   tm_stm32f4_delay.o
       132         14          0          1          0       4082   tm_stm32f4_disco.o
       500         16         20          0          0      32481   tm_stm32f4_dma.o
       828         14          0          0          0       4244   tm_stm32f4_exti.o
         0          0       3420          8          0       1617   tm_stm32f4_fonts.o
       668         14          0          0         22       5638   tm_stm32f4_gpio.o
      1156         44          0         16          0       8781   tm_stm32f4_i2c.o
      2402         34          0         10          0      15670   tm_stm32f4_ili9341.o
      1588         80          0          0          0       9623   tm_stm32f4_spi.o
       744         40          0        144         60       5242   tm_stm32f4_spi_dma.o
       800         14          0          0          0       8588   tm_stm32f4_stmpe811.o
       780         64          0          0          0       2942   tm_stm32f4_timer_properties.o
       780         22          0          0          0      26339   tm_stm32f4_usb_hid_device.o
       212         12         72          0          0       2792   touch_action.o
       388         18         16          0          0       4364   touch_driver_ft5x06.o
       188         66         16          0          0       3792   touch_driver_stmpe811.o
       248         26          4          1       1376       4350   touch_mouse.o
         0          0          0          0          0       4632   touch_mouse_engine.o
       412         22          0          0          0       3224   touch_panel.o
       288          0          0          0          0       4538   touch_point.o
       468         18          0          0          0       2887   usb_bsp.o
      2436         18          0          0          0      13978   usb_core.o
       640          0          0          0          0       4620   usb_dcd.o
      1412         20          0          0          0       6298   usb_dcd_int.o
       656          6          0         52          0       6052   usbd_core.o
       264        154          0         60          0       3852   usbd_desc.o
       260          4          0        305          0       3160   usbd_hid_core.o
       184          0          0          0          0       2794   usbd_ioreq.o
      1192         42          0         16         64       5973   usbd_req.o
        60          4          0         29       1524      18669   usbd_usr.o

    ----------------------------------------------------------------------
     28256       1198       4164        736       7320     658026   Object Totals
         0          0         32          0          0          0   (incl. Generated)
         6          0         12         14          6          0   (incl. Padding)

    ----------------------------------------------------------------------

      Code (inc. data)   RO Data    RW Data    ZI Data      Debug   Library Member Name

       268         24          0          1          0       4372   hal_cm.o
       408         34          0          0          0        804   hal_cm4.o
      1118        138          0          8          0      33549   rt_cmsis.o
        80          4          0          0          0        689   rt_event.o
       530         34          0          0         48       8525   rt_list.o
       550         10          0          0          0       4125   rt_mailbox.o
       140          0          0          0          0       2009   rt_membox.o
       128          0          0          0          0       2383   rt_memory.o
        96         22          0          8          0       1206   rt_robin.o
        52          4          0          0          0        605   rt_semaphore.o
       298         52          0          8          0       6379   rt_system.o
      1212        174          0          8         52       9933   rt_task.o
         0          0          0          4          0        198   rt_time.o
         4          4          0          0          0        188   svc_table.o
        36          0          0          0          0         84   aeabi_vec_ctor_nocookie_nodtor.o
        86          0          0          0          0          0   __dczerorl2.o
        32         10          0          0          0         80   cpp_init.o
         0          0          0          0          0          0   entry.o
         0          0          0          0          0          0   entry10a.o
         0          0          0          0          0          0   entry11a.o
         8          4          0          0          0          0   entry2.o
         4          0          0          0          0          0   entry5.o
         0          0          0          0          0          0   entry7b.o
         4          0          0          0          0          0   entry8a.o
         0          0          0          0          0          0   entry8b.o
        30          0          0          0          0          0   handlers.o
        36          8          0          0          0         68   init.o
         0          0          0          0          0          0   iusefp.o
        30          0          0          0          0         68   llshl.o
        32          0          0          0          0         68   llushr.o
       188         20          0          0          0        160   malloc.o
        36          0          0          0          0         68   memcpya.o
        36          0          0          0          0        108   memseta.o
         0          0          0          8          0          0   mvars.o
      1172         50          0          0          0        420   printf8.o
        98          0          0          0          0         92   uldiv.o
        48          0          0          0          0         68   cdcmple.o
       222          0          0          0          0        100   ddiv.o
       186          0          0          0          0        176   depilogue.o
        50          0          0          0          0         76   dfixui.o
        26          0          0          0          0         76   dfltui.o

    ----------------------------------------------------------------------
      7264        592          0         48        104      76677   Library Totals
        20          0          0          3          4          0   (incl. Padding)

    ----------------------------------------------------------------------

      Code (inc. data)   RO Data    RW Data    ZI Data      Debug   Library Name

      4884        500          0         37        100      74965   RTX_CM4.lib
        36          0          0          0          0         84   cpprt_w.l
      1792         92          0          8          0       1132   mc_w.l
       532          0          0          0          0        496   mf_w.l

    ----------------------------------------------------------------------
      7264        592          0         48        104      76677   Library Totals

    ----------------------------------------------------------------------

==============================================================================


      Code (inc. data)   RO Data    RW Data    ZI Data      Debug   

     35520       1790       4164        784       7424     716251   Grand Totals
     35520       1790       4164        388       7424     716251   ELF Image Totals (compressed)
     35520       1790       4164        388          0          0   ROM Totals

==============================================================================

    Total RO  Size (Code + RO Data)                39684 (  38.75kB)
    Total RW  Size (RW Data + ZI Data)              8208 (   8.02kB)
    Total ROM Size (Code + RO Data + RW Data)      40072 (  39.13kB)

==============================================================================

